

================================================================
== Vitis HLS Report for 'AXIvideo2MultiBayer_Pipeline_loop_wait_for_eol'
================================================================
* Date:           Tue Apr  7 16:02:59 2026

* Version:        2025.2 (Build 6295257 on Nov 12 2025)
* Project:        prj
* Solution:       sol (Vivado IP Flow Target)
* Product family: zynquplus
* Target device:  xczu3eg-sfvc784-2-e


================================================================
== Performance Estimates
================================================================
+ Timing: 
    * Summary: 
    +--------+---------+----------+------------+
    |  Clock |  Target | Estimated| Uncertainty|
    +--------+---------+----------+------------+
    |ap_clk  |  6.73 ns|  0.854 ns|     1.82 ns|
    +--------+---------+----------+------------+

+ Latency: 
    * Summary: 
    +---------+---------+----------+----------+-----+-----+-------------------+
    |  Latency (cycles) |  Latency (absolute) |  Interval |      Pipeline     |
    |   min   |   max   |    min   |    max   | min | max |        Type       |
    +---------+---------+----------+----------+-----+-----+-------------------+
    |        ?|        ?|         ?|         ?|    0|    0|  loop pipeline stp|
    +---------+---------+----------+----------+-----+-----+-------------------+

    + Detail: 
        * Instance: 
        N/A

        * Loop: 
        +---------------------+---------+---------+----------+-----------+-----------+------+----------+
        |                     |  Latency (cycles) | Iteration|  Initiation Interval  | Trip |          |
        |      Loop Name      |   min   |   max   |  Latency |  achieved |   target  | Count| Pipelined|
        +---------------------+---------+---------+----------+-----------+-----------+------+----------+
        |- loop_wait_for_eol  |        ?|        ?|         1|          1|          1|     ?|       yes|
        +---------------------+---------+---------+----------+-----------+-----------+------+----------+

============================================================
+ Verbose Summary: Synthesis Manager
============================================================
InlineROM: 1
ExposeGlobal: 0
============================================================
+ Verbose Summary: CDFG Model
============================================================
IsTopModel: 0
ResetActiveHigh: 1
IsCombinational: 0
IsDatapathOnly: 0
HasWiredReturn: 1
HasMFsm: 2
HasVarLatency: 1
IsPipeline: 0
IsRtlPipelined: 0
IsInstanceOverlapped: 0
IsDontTouch: 0
HasImplIP: 0
IsGatedGlobalClock: 0

+ Individual pipeline summary: 
  * Pipeline-0: initiation interval (II) = 1, depth = 1


============================================================
+ Verbose Summary: Schedule
============================================================
* Number of FSM states : 1
* Pipeline : 1
  Pipeline-0 : II = 1, D = 1, States = { 1 }
* Dataflow Pipeline: 0

* FSM state transitions: 
1 --> 

* FSM state operations: 

State 1 <SV = 0> <Delay = 0.85>
ST_1 : Operation 4 [1/1] (0.00ns)   --->   "%specaxissidechannel_ln0 = specaxissidechannel void @_ssdm_op_SpecAXISSideChannel, i8 %s_axis_video_V_data_V, i1 %s_axis_video_V_keep_V, i1 %s_axis_video_V_strb_V, i1 %s_axis_video_V_user_V, i1 %s_axis_video_V_last_V, i1 %s_axis_video_V_id_V, i1 %s_axis_video_V_dest_V, void @empty_23"   --->   Operation 4 'specaxissidechannel' 'specaxissidechannel_ln0' <Predicate = true> <Delay = 0.00>
ST_1 : Operation 5 [1/1] (0.00ns)   --->   "%specinterface_ln0 = specinterface void @_ssdm_op_SpecInterface, i8 %s_axis_video_V_data_V, void @empty_19, i32 0, i32 0, void @empty_12, i32 0, i32 0, void @empty_14, void @empty_14, void @empty_14, i32 0, i32 0, i32 0, i32 0, void @empty_14, void @empty_14, i32 4294967295, i32 0, i32 0, i32 0"   --->   Operation 5 'specinterface' 'specinterface_ln0' <Predicate = true> <Delay = 0.00>
ST_1 : Operation 6 [1/1] (0.00ns)   --->   "%specinterface_ln0 = specinterface void @_ssdm_op_SpecInterface, i1 %s_axis_video_V_keep_V, void @empty_19, i32 0, i32 0, void @empty_12, i32 0, i32 0, void @empty_14, void @empty_14, void @empty_14, i32 0, i32 0, i32 0, i32 0, void @empty_14, void @empty_14, i32 4294967295, i32 0, i32 0, i32 0"   --->   Operation 6 'specinterface' 'specinterface_ln0' <Predicate = true> <Delay = 0.00>
ST_1 : Operation 7 [1/1] (0.00ns)   --->   "%specinterface_ln0 = specinterface void @_ssdm_op_SpecInterface, i1 %s_axis_video_V_strb_V, void @empty_19, i32 0, i32 0, void @empty_12, i32 0, i32 0, void @empty_14, void @empty_14, void @empty_14, i32 0, i32 0, i32 0, i32 0, void @empty_14, void @empty_14, i32 4294967295, i32 0, i32 0, i32 0"   --->   Operation 7 'specinterface' 'specinterface_ln0' <Predicate = true> <Delay = 0.00>
ST_1 : Operation 8 [1/1] (0.00ns)   --->   "%specinterface_ln0 = specinterface void @_ssdm_op_SpecInterface, i1 %s_axis_video_V_user_V, void @empty_19, i32 0, i32 0, void @empty_12, i32 0, i32 0, void @empty_14, void @empty_14, void @empty_14, i32 0, i32 0, i32 0, i32 0, void @empty_14, void @empty_14, i32 4294967295, i32 0, i32 0, i32 0"   --->   Operation 8 'specinterface' 'specinterface_ln0' <Predicate = true> <Delay = 0.00>
ST_1 : Operation 9 [1/1] (0.00ns)   --->   "%specinterface_ln0 = specinterface void @_ssdm_op_SpecInterface, i1 %s_axis_video_V_last_V, void @empty_19, i32 0, i32 0, void @empty_12, i32 0, i32 0, void @empty_14, void @empty_14, void @empty_14, i32 0, i32 0, i32 0, i32 0, void @empty_14, void @empty_14, i32 4294967295, i32 0, i32 0, i32 0"   --->   Operation 9 'specinterface' 'specinterface_ln0' <Predicate = true> <Delay = 0.00>
ST_1 : Operation 10 [1/1] (0.00ns)   --->   "%specinterface_ln0 = specinterface void @_ssdm_op_SpecInterface, i1 %s_axis_video_V_id_V, void @empty_19, i32 0, i32 0, void @empty_12, i32 0, i32 0, void @empty_14, void @empty_14, void @empty_14, i32 0, i32 0, i32 0, i32 0, void @empty_14, void @empty_14, i32 4294967295, i32 0, i32 0, i32 0"   --->   Operation 10 'specinterface' 'specinterface_ln0' <Predicate = true> <Delay = 0.00>
ST_1 : Operation 11 [1/1] (0.00ns)   --->   "%specinterface_ln0 = specinterface void @_ssdm_op_SpecInterface, i1 %s_axis_video_V_dest_V, void @empty_19, i32 0, i32 0, void @empty_12, i32 0, i32 0, void @empty_14, void @empty_14, void @empty_14, i32 0, i32 0, i32 0, i32 0, void @empty_14, void @empty_14, i32 4294967295, i32 0, i32 0, i32 0"   --->   Operation 11 'specinterface' 'specinterface_ln0' <Predicate = true> <Delay = 0.00>
ST_1 : Operation 12 [1/1] (0.00ns)   --->   "%and_ln188_read = read i1 @_ssdm_op_Read.ap_auto.i1, i1 %and_ln188"   --->   Operation 12 'read' 'and_ln188_read' <Predicate = true> <Delay = 0.00>
ST_1 : Operation 13 [1/1] (0.00ns)   --->   "%p_0_0_0_097252_reload_read = read i8 @_ssdm_op_Read.ap_auto.i8, i8 %p_0_0_0_097252_reload"   --->   Operation 13 'read' 'p_0_0_0_097252_reload_read' <Predicate = true> <Delay = 0.00>
ST_1 : Operation 14 [1/1] (0.00ns)   --->   "%p_4_0_0_0105261_reload_read = read i1 @_ssdm_op_Read.ap_auto.i1, i1 %p_4_0_0_0105261_reload"   --->   Operation 14 'read' 'p_4_0_0_0105261_reload_read' <Predicate = true> <Delay = 0.00>
ST_1 : Operation 15 [1/1] (0.42ns)   --->   "%store_ln0 = store i8 %p_0_0_0_097252_reload_read, i8 %p_0_0_0_097253_lcssa269_out"   --->   Operation 15 'store' 'store_ln0' <Predicate = true> <Delay = 0.42>
ST_1 : Operation 16 [1/1] (0.42ns)   --->   "%br_ln188 = br void %while.cond29" [C:/pcam5/prj/sol/.autopilot/db/v_demosaic.cpp:188]   --->   Operation 16 'br' 'br_ln188' <Predicate = true> <Delay = 0.42>
ST_1 : Operation 17 [1/1] (0.00ns)   --->   "%p_4_0_0_0105260_lcssa285 = phi i1 %p_4_0_0_0105261_reload_read, void %newFuncRoot, i1 %eol, void %while.body31"   --->   Operation 17 'phi' 'p_4_0_0_0105260_lcssa285' <Predicate = true> <Delay = 0.00>
ST_1 : Operation 18 [1/1] (0.00ns)   --->   "%eol_1 = phi i1 %and_ln188_read, void %newFuncRoot, i1 %eol, void %while.body31"   --->   Operation 18 'phi' 'eol_1' <Predicate = true> <Delay = 0.00>
ST_1 : Operation 19 [1/1] (0.00ns)   --->   "%br_ln188 = br i1 %eol_1, void %while.body31, void %for.inc37.exitStub" [C:/pcam5/prj/sol/.autopilot/db/v_demosaic.cpp:188]   --->   Operation 19 'br' 'br_ln188' <Predicate = true> <Delay = 0.00>
ST_1 : Operation 20 [1/1] (0.00ns)   --->   "%specpipeline_ln189 = specpipeline void @_ssdm_op_SpecPipeline, i32 1, i32 0, i32 0, i32 0, i32 4294967295, void @empty_14" [C:/pcam5/prj/sol/.autopilot/db/v_demosaic.cpp:189]   --->   Operation 20 'specpipeline' 'specpipeline_ln189' <Predicate = (!eol_1)> <Delay = 0.00>
ST_1 : Operation 21 [1/1] (0.00ns)   --->   "%specloopname_ln188 = specloopname void @_ssdm_op_SpecLoopName, void @empty_26" [C:/pcam5/prj/sol/.autopilot/db/v_demosaic.cpp:188]   --->   Operation 21 'specloopname' 'specloopname_ln188' <Predicate = (!eol_1)> <Delay = 0.00>
ST_1 : Operation 22 [1/1] ( I:0.07ns O:0.07ns )   --->   "%empty = read i14 @_ssdm_op_Read.axis.volatile.i8P0A.i1P0A.i1P0A.i1P0A.i1P0A.i1P0A.i1P0A, i8 %s_axis_video_V_data_V, i1 %s_axis_video_V_keep_V, i1 %s_axis_video_V_strb_V, i1 %s_axis_video_V_user_V, i1 %s_axis_video_V_last_V, i1 %s_axis_video_V_id_V, i1 %s_axis_video_V_dest_V" [C:/pcam5/prj/sol/.autopilot/db/v_demosaic.cpp:192]   --->   Operation 22 'read' 'empty' <Predicate = (!eol_1)> <Delay = 0.07> <CoreInst = "regslice">   --->   Core 147 'regslice' <Latency = 0> <II = 1> <Delay = 0.56> <Adapter> <Opcode : 'read' 'write'>
ST_1 : Operation 23 [1/1] (0.00ns)   --->   "%p_s = extractvalue i14 %empty" [C:/pcam5/prj/sol/.autopilot/db/v_demosaic.cpp:192]   --->   Operation 23 'extractvalue' 'p_s' <Predicate = (!eol_1)> <Delay = 0.00>
ST_1 : Operation 24 [1/1] (0.00ns)   --->   "%eol = extractvalue i14 %empty" [C:/pcam5/prj/sol/.autopilot/db/v_demosaic.cpp:192]   --->   Operation 24 'extractvalue' 'eol' <Predicate = (!eol_1)> <Delay = 0.00>
ST_1 : Operation 25 [1/1] (0.42ns)   --->   "%store_ln192 = store i8 %p_s, i8 %p_0_0_0_097253_lcssa269_out" [C:/pcam5/prj/sol/.autopilot/db/v_demosaic.cpp:192]   --->   Operation 25 'store' 'store_ln192' <Predicate = (!eol_1)> <Delay = 0.42>
ST_1 : Operation 26 [1/1] (0.00ns)   --->   "%br_ln188 = br void %while.cond29" [C:/pcam5/prj/sol/.autopilot/db/v_demosaic.cpp:188]   --->   Operation 26 'br' 'br_ln188' <Predicate = (!eol_1)> <Delay = 0.00>
ST_1 : Operation 27 [1/1] (0.00ns)   --->   "%write_ln192 = write void @_ssdm_op_Write.ap_auto.i1P0A, i1 %p_4_0_0_0105260_lcssa285_out, i1 %p_4_0_0_0105260_lcssa285" [C:/pcam5/prj/sol/.autopilot/db/v_demosaic.cpp:192]   --->   Operation 27 'write' 'write_ln192' <Predicate = (eol_1)> <Delay = 0.00>
ST_1 : Operation 28 [1/1] (0.42ns)   --->   "%ret_ln0 = ret"   --->   Operation 28 'ret' 'ret_ln0' <Predicate = (eol_1)> <Delay = 0.42>


============================================================
+ Verbose Summary: Timing violations
============================================================
Target clock period: 6.734ns, clock uncertainty: 1.818ns.

 <State 1>: 0.854ns
The critical path consists of the following:
	multiplexor before 'phi' operation 1 bit ('eol') with incoming values : ('and_ln188_read') ('eol', C:/pcam5/prj/sol/.autopilot/db/v_demosaic.cpp:192) [28]  (0.427 ns)
	'br' operation ('br_ln188', C:/pcam5/prj/sol/.autopilot/db/v_demosaic.cpp:188) [25]  (0.427 ns)
	'phi' operation 1 bit ('eol') with incoming values : ('and_ln188_read') ('eol', C:/pcam5/prj/sol/.autopilot/db/v_demosaic.cpp:192) [28]  (0.000 ns)
	'store' operation ('store_ln192', C:/pcam5/prj/sol/.autopilot/db/v_demosaic.cpp:192) of variable 'p_s', C:/pcam5/prj/sol/.autopilot/db/v_demosaic.cpp:192 8 bit on local variable 'p_0_0_0_097253_lcssa269_out' [36]  (0.427 ns)


============================================================
+ Verbose Summary: Binding
============================================================
N/A
* FSMD analyzer results:
  - Output states:
 - Input state : 
  - Chain level:
	State 1


============================================================
+ Verbose Summary: Datapath Resource usage 
============================================================
N/A
