

================================================================
== Vitis HLS Report for 'DebayerRandBatG'
================================================================
* Date:           Tue Apr  7 16:03:02 2026

* Version:        2025.2 (Build 6295257 on Nov 12 2025)
* Project:        prj
* Solution:       sol (Vivado IP Flow Target)
* Product family: zynquplus
* Target device:  xczu3eg-sfvc784-2-e


================================================================
== Performance Estimates
================================================================
+ Timing: 
    * Summary: 
    +--------+---------+----------+------------+
    |  Clock |  Target | Estimated| Uncertainty|
    +--------+---------+----------+------------+
    |ap_clk  |  6.73 ns|  4.634 ns|     1.82 ns|
    +--------+---------+----------+------------+

+ Latency: 
    * Summary: 
    +---------+---------+-----------+-----------+-----+---------+---------+
    |  Latency (cycles) |   Latency (absolute)  |    Interval   | Pipeline|
    |   min   |   max   |    min    |    max    | min |   max   |   Type  |
    +---------+---------+-----------+-----------+-----+---------+---------+
    |        9|  2084169|  60.606 ns|  14.035 ms|    9|  2084169|       no|
    +---------+---------+-----------+-----------+-----+---------+---------+

    + Detail: 
        * Instance: 
        N/A

        * Loop: 
        +--------------------+---------+---------+----------+-----------+-----------+----------+----------+
        |                    |  Latency (cycles) | Iteration|  Initiation Interval  |   Trip   |          |
        |      Loop Name     |   min   |   max   |  Latency |  achieved |   target  |   Count  | Pipelined|
        +--------------------+---------+---------+----------+-----------+-----------+----------+----------+
        |- VITIS_LOOP_878_1  |        8|  2084168|  8 ~ 1928|          -|          -|  1 ~ 1081|        no|
        +--------------------+---------+---------+----------+-----------+-----------+----------+----------+

============================================================
+ Verbose Summary: Synthesis Manager
============================================================
InlineROM: 1
ExposeGlobal: 0
============================================================
+ Verbose Summary: CDFG Model
============================================================
IsTopModel: 0
ResetActiveHigh: 1
IsCombinational: 2
IsDatapathOnly: 0
HasWiredReturn: 1
HasMFsm: 0
HasVarLatency: 1
IsPipeline: 0
IsRtlPipelined: 0
IsInstanceOverlapped: 0
IsDontTouch: 0
HasImplIP: 0
IsGatedGlobalClock: 0


============================================================
+ Verbose Summary: Schedule
============================================================
* Number of FSM states : 4
* Pipeline : 0
* Dataflow Pipeline: 0

* FSM state transitions: 
1 --> 2 
2 --> 3 
3 --> 4 
4 --> 2 

* FSM state operations: 

State 1 <SV = 0> <Delay = 2.63>
ST_1 : Operation 5 [1/1] (0.00ns)   --->   "%y = alloca i32 1" [C:/pcam5/prj/sol/.autopilot/db/v_demosaic.cpp:851->C:/pcam5/prj/sol/.autopilot/db/v_demosaic.cpp:1073]   --->   Operation 5 'alloca' 'y' <Predicate = true> <Delay = 0.00>
ST_1 : Operation 6 [1/1] (0.00ns)   --->   "%p_0_0_0_0_011581693_lcssa1737_i = alloca i32 1"   --->   Operation 6 'alloca' 'p_0_0_0_0_011581693_lcssa1737_i' <Predicate = true> <Delay = 0.00>
ST_1 : Operation 7 [1/1] (0.00ns)   --->   "%p_0_1_0_0_011591696_lcssa1739_i = alloca i32 1"   --->   Operation 7 'alloca' 'p_0_1_0_0_011591696_lcssa1739_i' <Predicate = true> <Delay = 0.00>
ST_1 : Operation 8 [1/1] (0.00ns)   --->   "%p_0_2_0_0_011601699_lcssa1741_i = alloca i32 1"   --->   Operation 8 'alloca' 'p_0_2_0_0_011601699_lcssa1741_i' <Predicate = true> <Delay = 0.00>
ST_1 : Operation 9 [1/1] (0.00ns)   --->   "%p_0_0_0116617711783_lcssa1819_i = alloca i32 1"   --->   Operation 9 'alloca' 'p_0_0_0116617711783_lcssa1819_i' <Predicate = true> <Delay = 0.00>
ST_1 : Operation 10 [1/1] (0.00ns)   --->   "%p_0_0_0116517731785_lcssa1821_i = alloca i32 1"   --->   Operation 10 'alloca' 'p_0_0_0116517731785_lcssa1821_i' <Predicate = true> <Delay = 0.00>
ST_1 : Operation 11 [1/1] (0.00ns)   --->   "%p_0_0_0116417751787_lcssa1823_i = alloca i32 1"   --->   Operation 11 'alloca' 'p_0_0_0116417751787_lcssa1823_i' <Predicate = true> <Delay = 0.00>
ST_1 : Operation 12 [1/1] (0.00ns)   --->   "%p_0_0_0_0_011521788_lcssa1825_i = alloca i32 1"   --->   Operation 12 'alloca' 'p_0_0_0_0_011521788_lcssa1825_i' <Predicate = true> <Delay = 0.00>
ST_1 : Operation 13 [1/1] (0.00ns)   --->   "%p_0_1_0_0_011531790_lcssa1827_i = alloca i32 1"   --->   Operation 13 'alloca' 'p_0_1_0_0_011531790_lcssa1827_i' <Predicate = true> <Delay = 0.00>
ST_1 : Operation 14 [1/1] (0.00ns)   --->   "%p_0_2_0_0_011541792_lcssa1829_i = alloca i32 1"   --->   Operation 14 'alloca' 'p_0_2_0_0_011541792_lcssa1829_i' <Predicate = true> <Delay = 0.00>
ST_1 : Operation 15 [1/1] (0.00ns)   --->   "%p_0_0_01179_217651795_lcssa1831_i = alloca i32 1"   --->   Operation 15 'alloca' 'p_0_0_01179_217651795_lcssa1831_i' <Predicate = true> <Delay = 0.00>
ST_1 : Operation 16 [1/1] (0.00ns)   --->   "%p_0_0_01178_217671797_lcssa1833_i = alloca i32 1"   --->   Operation 16 'alloca' 'p_0_0_01178_217671797_lcssa1833_i' <Predicate = true> <Delay = 0.00>
ST_1 : Operation 17 [1/1] (0.00ns)   --->   "%p_0_0_01177_217691799_lcssa1835_i = alloca i32 1"   --->   Operation 17 'alloca' 'p_0_0_01177_217691799_lcssa1835_i' <Predicate = true> <Delay = 0.00>
ST_1 : Operation 18 [1/1] (0.00ns)   --->   "%specinterface_ln0 = specinterface void @_ssdm_op_SpecInterface, i16 %bayerPhase_val11, void @ap_fifo_str, i32 0, i32 0, void @p_str, i32 0, i32 0, void @p_str, void @p_str, void @p_str, i32 2, i32 2, i32 16, i32 16, void @p_str, void @ScalarProp_str, i32 4294967295, i32 0, i32 0, i32 0"   --->   Operation 18 'specinterface' 'specinterface_ln0' <Predicate = true> <Delay = 0.00>
ST_1 : Operation 19 [1/1] ( I:1.83ns O:1.83ns )   --->   "%bayerPhase_val11_read = read i16 @_ssdm_op_Read.ap_fifo.i16P0A, i16 %bayerPhase_val11"   --->   Operation 19 'read' 'bayerPhase_val11_read' <Predicate = true> <Delay = 1.83> <CoreInst = "FIFO_SRL">   --->   Core 80 'FIFO_SRL' <Latency = 0> <II = 1> <Delay = 1.83> <Storage> <Opcode : 'read' 'write' 'nbread' 'nbwrite'> <Ports = 0> <Width = 16> <Depth = 2> <FIFO>
ST_1 : Operation 20 [1/1] (0.00ns)   --->   "%specinterface_ln0 = specinterface void @_ssdm_op_SpecInterface, i11 %width_val8, void @ap_fifo_str, i32 0, i32 0, void @p_str, i32 0, i32 0, void @p_str, void @p_str, void @p_str, i32 2, i32 2, i32 16, i32 16, void @p_str, void @ScalarProp_str, i32 4294967295, i32 0, i32 0, i32 0"   --->   Operation 20 'specinterface' 'specinterface_ln0' <Predicate = true> <Delay = 0.00>
ST_1 : Operation 21 [1/1] ( I:1.83ns O:1.83ns )   --->   "%width_val8_read = read i11 @_ssdm_op_Read.ap_fifo.i11P0A, i11 %width_val8"   --->   Operation 21 'read' 'width_val8_read' <Predicate = true> <Delay = 1.83> <CoreInst = "FIFO_SRL">   --->   Core 80 'FIFO_SRL' <Latency = 0> <II = 1> <Delay = 1.83> <Storage> <Opcode : 'read' 'write' 'nbread' 'nbwrite'> <Ports = 0> <Width = 11> <Depth = 2> <FIFO>
ST_1 : Operation 22 [1/1] (0.00ns)   --->   "%specinterface_ln0 = specinterface void @_ssdm_op_SpecInterface, i11 %height_val4, void @ap_fifo_str, i32 0, i32 0, void @p_str, i32 0, i32 0, void @p_str, void @p_str, void @p_str, i32 2, i32 2, i32 16, i32 16, void @p_str, void @ScalarProp_str, i32 4294967295, i32 0, i32 0, i32 0"   --->   Operation 22 'specinterface' 'specinterface_ln0' <Predicate = true> <Delay = 0.00>
ST_1 : Operation 23 [1/1] ( I:1.83ns O:1.83ns )   --->   "%height_val4_read = read i11 @_ssdm_op_Read.ap_fifo.i11P0A, i11 %height_val4"   --->   Operation 23 'read' 'height_val4_read' <Predicate = true> <Delay = 1.83> <CoreInst = "FIFO_SRL">   --->   Core 80 'FIFO_SRL' <Latency = 0> <II = 1> <Delay = 1.83> <Storage> <Opcode : 'read' 'write' 'nbread' 'nbwrite'> <Ports = 0> <Width = 11> <Depth = 2> <FIFO>
ST_1 : Operation 24 [1/1] (0.00ns)   --->   "%x_phase = trunc i16 %bayerPhase_val11_read"   --->   Operation 24 'trunc' 'x_phase' <Predicate = true> <Delay = 0.00>
ST_1 : Operation 25 [1/1] (0.00ns)   --->   "%specinterface_ln0 = specinterface void @_ssdm_op_SpecInterface, i24 %imgRB, void @empty_20, i32 0, i32 0, void @empty_14, i32 0, i32 0, void @empty_14, void @empty_14, void @empty_14, i32 0, i32 0, i32 0, i32 0, void @empty_14, void @empty_14, i32 4294967295, i32 0, i32 0, i32 0"   --->   Operation 25 'specinterface' 'specinterface_ln0' <Predicate = true> <Delay = 0.00>
ST_1 : Operation 26 [1/1] (0.00ns)   --->   "%specinterface_ln0 = specinterface void @_ssdm_op_SpecInterface, i24 %imgRgb, void @empty_20, i32 0, i32 0, void @empty_14, i32 0, i32 0, void @empty_14, void @empty_14, void @empty_14, i32 0, i32 0, i32 0, i32 0, void @empty_14, void @empty_14, i32 4294967295, i32 0, i32 0, i32 0"   --->   Operation 26 'specinterface' 'specinterface_ln0' <Predicate = true> <Delay = 0.00>
ST_1 : Operation 27 [1/1] (0.79ns)   --->   "%loopHeight = add i11 %height_val4_read, i11 1" [C:/pcam5/prj/sol/.autopilot/db/v_demosaic.cpp:854->C:/pcam5/prj/sol/.autopilot/db/v_demosaic.cpp:1073]   --->   Operation 27 'add' 'loopHeight' <Predicate = true> <Delay = 0.79> <CoreInst = "Adder">   --->   Core 1 'Adder' <Latency = 0> <II = 1> <Delay = 0.79> <FuncUnit> <Opcode : 'add' 'sub'> <InPorts = 2> <OutPorts = 1>
ST_1 : Operation 28 [1/1] (0.79ns)   --->   "%loopWidth = add i11 %width_val8_read, i11 1" [C:/pcam5/prj/sol/.autopilot/db/v_demosaic.cpp:855->C:/pcam5/prj/sol/.autopilot/db/v_demosaic.cpp:1073]   --->   Operation 28 'add' 'loopWidth' <Predicate = true> <Delay = 0.79> <CoreInst = "Adder">   --->   Core 1 'Adder' <Latency = 0> <II = 1> <Delay = 0.79> <FuncUnit> <Opcode : 'add' 'sub'> <InPorts = 2> <OutPorts = 1>
ST_1 : Operation 29 [1/1] (0.00ns)   --->   "%trunc_ln = partselect i15 @_ssdm_op_PartSelect.i15.i16.i32.i32, i16 %bayerPhase_val11_read, i32 1, i32 15" [C:/pcam5/prj/sol/.autopilot/db/v_demosaic.cpp:870->C:/pcam5/prj/sol/.autopilot/db/v_demosaic.cpp:1073]   --->   Operation 29 'partselect' 'trunc_ln' <Predicate = true> <Delay = 0.00>
ST_1 : Operation 30 [1/1] (0.42ns)   --->   "%store_ln851 = store i11 0, i11 %y" [C:/pcam5/prj/sol/.autopilot/db/v_demosaic.cpp:851->C:/pcam5/prj/sol/.autopilot/db/v_demosaic.cpp:1073]   --->   Operation 30 'store' 'store_ln851' <Predicate = true> <Delay = 0.42>
ST_1 : Operation 31 [1/1] (0.00ns)   --->   "%br_ln878 = br void %VITIS_LOOP_881_2.i" [C:/pcam5/prj/sol/.autopilot/db/v_demosaic.cpp:878->C:/pcam5/prj/sol/.autopilot/db/v_demosaic.cpp:1073]   --->   Operation 31 'br' 'br_ln878' <Predicate = true> <Delay = 0.00>

State 2 <SV = 1> <Delay = 1.22>
ST_2 : Operation 32 [1/1] (0.00ns)   --->   "%y_5 = load i11 %y" [C:/pcam5/prj/sol/.autopilot/db/v_demosaic.cpp:878->C:/pcam5/prj/sol/.autopilot/db/v_demosaic.cpp:1073]   --->   Operation 32 'load' 'y_5' <Predicate = true> <Delay = 0.00>
ST_2 : Operation 33 [1/1] (0.79ns)   --->   "%icmp_ln878 = icmp_eq  i11 %y_5, i11 %loopHeight" [C:/pcam5/prj/sol/.autopilot/db/v_demosaic.cpp:878->C:/pcam5/prj/sol/.autopilot/db/v_demosaic.cpp:1073]   --->   Operation 33 'icmp' 'icmp_ln878' <Predicate = true> <Delay = 0.79> <CoreInst = "Cmp">   --->   Core 9 'Cmp' <Latency = 0> <II = 1> <Delay = 0.79> <FuncUnit> <Opcode : 'seteq' 'setne' 'setle' 'setge' 'setlt' 'setgt'> <InPorts = 2> <OutPorts = 1>
ST_2 : Operation 34 [1/1] (0.00ns)   --->   "%speclooptripcount_ln0 = speclooptripcount void @_ssdm_op_SpecLoopTripCount, i64 1, i64 1081, i64 0"   --->   Operation 34 'speclooptripcount' 'speclooptripcount_ln0' <Predicate = true> <Delay = 0.00>
ST_2 : Operation 35 [1/1] (0.79ns)   --->   "%y_6 = add i11 %y_5, i11 1" [C:/pcam5/prj/sol/.autopilot/db/v_demosaic.cpp:878->C:/pcam5/prj/sol/.autopilot/db/v_demosaic.cpp:1073]   --->   Operation 35 'add' 'y_6' <Predicate = true> <Delay = 0.79> <CoreInst = "Adder">   --->   Core 1 'Adder' <Latency = 0> <II = 1> <Delay = 0.79> <FuncUnit> <Opcode : 'add' 'sub'> <InPorts = 2> <OutPorts = 1>
ST_2 : Operation 36 [1/1] (0.00ns)   --->   "%br_ln878 = br i1 %icmp_ln878, void %VITIS_LOOP_881_2.split.i, void %DebayerRandBatG.exit" [C:/pcam5/prj/sol/.autopilot/db/v_demosaic.cpp:878->C:/pcam5/prj/sol/.autopilot/db/v_demosaic.cpp:1073]   --->   Operation 36 'br' 'br_ln878' <Predicate = true> <Delay = 0.00>
ST_2 : Operation 37 [1/1] (0.00ns)   --->   "%p_0_0_0_0_011581693_lcssa1737_i_load = load i8 %p_0_0_0_0_011581693_lcssa1737_i"   --->   Operation 37 'load' 'p_0_0_0_0_011581693_lcssa1737_i_load' <Predicate = (!icmp_ln878)> <Delay = 0.00>
ST_2 : Operation 38 [1/1] (0.00ns)   --->   "%p_0_1_0_0_011591696_lcssa1739_i_load = load i8 %p_0_1_0_0_011591696_lcssa1739_i"   --->   Operation 38 'load' 'p_0_1_0_0_011591696_lcssa1739_i_load' <Predicate = (!icmp_ln878)> <Delay = 0.00>
ST_2 : Operation 39 [1/1] (0.00ns)   --->   "%p_0_2_0_0_011601699_lcssa1741_i_load = load i8 %p_0_2_0_0_011601699_lcssa1741_i"   --->   Operation 39 'load' 'p_0_2_0_0_011601699_lcssa1741_i_load' <Predicate = (!icmp_ln878)> <Delay = 0.00>
ST_2 : Operation 40 [1/1] (0.00ns)   --->   "%p_0_0_0116617711783_lcssa1819_i_load = load i8 %p_0_0_0116617711783_lcssa1819_i"   --->   Operation 40 'load' 'p_0_0_0116617711783_lcssa1819_i_load' <Predicate = (!icmp_ln878)> <Delay = 0.00>
ST_2 : Operation 41 [1/1] (0.00ns)   --->   "%p_0_0_0116517731785_lcssa1821_i_load = load i8 %p_0_0_0116517731785_lcssa1821_i"   --->   Operation 41 'load' 'p_0_0_0116517731785_lcssa1821_i_load' <Predicate = (!icmp_ln878)> <Delay = 0.00>
ST_2 : Operation 42 [1/1] (0.00ns)   --->   "%p_0_0_0116417751787_lcssa1823_i_load = load i8 %p_0_0_0116417751787_lcssa1823_i"   --->   Operation 42 'load' 'p_0_0_0116417751787_lcssa1823_i_load' <Predicate = (!icmp_ln878)> <Delay = 0.00>
ST_2 : Operation 43 [1/1] (0.00ns)   --->   "%p_0_0_0_0_011521788_lcssa1825_i_load = load i8 %p_0_0_0_0_011521788_lcssa1825_i"   --->   Operation 43 'load' 'p_0_0_0_0_011521788_lcssa1825_i_load' <Predicate = (!icmp_ln878)> <Delay = 0.00>
ST_2 : Operation 44 [1/1] (0.00ns)   --->   "%p_0_1_0_0_011531790_lcssa1827_i_load = load i8 %p_0_1_0_0_011531790_lcssa1827_i"   --->   Operation 44 'load' 'p_0_1_0_0_011531790_lcssa1827_i_load' <Predicate = (!icmp_ln878)> <Delay = 0.00>
ST_2 : Operation 45 [1/1] (0.00ns)   --->   "%p_0_2_0_0_011541792_lcssa1829_i_load = load i8 %p_0_2_0_0_011541792_lcssa1829_i"   --->   Operation 45 'load' 'p_0_2_0_0_011541792_lcssa1829_i_load' <Predicate = (!icmp_ln878)> <Delay = 0.00>
ST_2 : Operation 46 [1/1] (0.00ns)   --->   "%p_0_0_01179_217651795_lcssa1831_i_load = load i8 %p_0_0_01179_217651795_lcssa1831_i"   --->   Operation 46 'load' 'p_0_0_01179_217651795_lcssa1831_i_load' <Predicate = (!icmp_ln878)> <Delay = 0.00>
ST_2 : Operation 47 [1/1] (0.00ns)   --->   "%p_0_0_01178_217671797_lcssa1833_i_load = load i8 %p_0_0_01178_217671797_lcssa1833_i"   --->   Operation 47 'load' 'p_0_0_01178_217671797_lcssa1833_i_load' <Predicate = (!icmp_ln878)> <Delay = 0.00>
ST_2 : Operation 48 [1/1] (0.00ns)   --->   "%p_0_0_01177_217691799_lcssa1835_i_load = load i8 %p_0_0_01177_217691799_lcssa1835_i"   --->   Operation 48 'load' 'p_0_0_01177_217691799_lcssa1835_i_load' <Predicate = (!icmp_ln878)> <Delay = 0.00>
ST_2 : Operation 49 [1/1] (0.42ns)   --->   "%store_ln851 = store i11 %y_6, i11 %y" [C:/pcam5/prj/sol/.autopilot/db/v_demosaic.cpp:851->C:/pcam5/prj/sol/.autopilot/db/v_demosaic.cpp:1073]   --->   Operation 49 'store' 'store_ln851' <Predicate = (!icmp_ln878)> <Delay = 0.42>
ST_2 : Operation 50 [1/1] (0.00ns)   --->   "%ret_ln1073 = ret" [C:/pcam5/prj/sol/.autopilot/db/v_demosaic.cpp:1073]   --->   Operation 50 'ret' 'ret_ln1073' <Predicate = (icmp_ln878)> <Delay = 0.00>

State 3 <SV = 2> <Delay = 1.51>
ST_3 : Operation 51 [1/1] (0.00ns) (grouped into LUT with out node xor_ln1014_1)   --->   "%trunc_ln878 = trunc i11 %y_5" [C:/pcam5/prj/sol/.autopilot/db/v_demosaic.cpp:878->C:/pcam5/prj/sol/.autopilot/db/v_demosaic.cpp:1073]   --->   Operation 51 'trunc' 'trunc_ln878' <Predicate = true> <Delay = 0.00>
ST_3 : Operation 52 [1/1] (0.00ns) (grouped into LUT with out node xor_ln1014_1)   --->   "%xor_ln1014 = xor i1 %trunc_ln878, i1 1" [C:/pcam5/prj/sol/.autopilot/db/v_demosaic.cpp:1014->C:/pcam5/prj/sol/.autopilot/db/v_demosaic.cpp:1073]   --->   Operation 52 'xor' 'xor_ln1014' <Predicate = true> <Delay = 0.00> <CoreInst = "LogicGate">   --->   Core 74 'LogicGate' <Latency = 0> <II = 1> <Delay = 0.28> <FuncUnit> <Opcode : 'and' 'or' 'xor'> <InPorts = 2> <OutPorts = 1>
ST_3 : Operation 53 [1/1] (0.00ns) (grouped into LUT with out node xor_ln1014_1)   --->   "%zext_ln1014 = zext i1 %xor_ln1014" [C:/pcam5/prj/sol/.autopilot/db/v_demosaic.cpp:1014->C:/pcam5/prj/sol/.autopilot/db/v_demosaic.cpp:1073]   --->   Operation 53 'zext' 'zext_ln1014' <Predicate = true> <Delay = 0.00>
ST_3 : Operation 54 [1/1] (0.28ns) (out node of the LUT)   --->   "%xor_ln1014_1 = xor i15 %zext_ln1014, i15 %trunc_ln" [C:/pcam5/prj/sol/.autopilot/db/v_demosaic.cpp:1014->C:/pcam5/prj/sol/.autopilot/db/v_demosaic.cpp:1073]   --->   Operation 54 'xor' 'xor_ln1014_1' <Predicate = true> <Delay = 0.28> <CoreInst = "LogicGate">   --->   Core 74 'LogicGate' <Latency = 0> <II = 1> <Delay = 0.26> <FuncUnit> <Opcode : 'and' 'or' 'xor'> <InPorts = 2> <OutPorts = 1>
ST_3 : Operation 55 [2/2] (1.22ns)   --->   "%call_ln878 = call void @DebayerRandBatG_Pipeline_VITIS_LOOP_881_2, i8 %p_0_0_01177_217691799_lcssa1835_i_load, i8 %p_0_0_01178_217671797_lcssa1833_i_load, i8 %p_0_0_01179_217651795_lcssa1831_i_load, i8 %p_0_2_0_0_011541792_lcssa1829_i_load, i8 %p_0_1_0_0_011531790_lcssa1827_i_load, i8 %p_0_0_0_0_011521788_lcssa1825_i_load, i8 %p_0_0_0116417751787_lcssa1823_i_load, i8 %p_0_0_0116517731785_lcssa1821_i_load, i8 %p_0_0_0116617711783_lcssa1819_i_load, i8 %p_0_2_0_0_011601699_lcssa1741_i_load, i8 %p_0_1_0_0_011591696_lcssa1739_i_load, i8 %p_0_0_0_0_011581693_lcssa1737_i_load, i11 %y_5, i11 %height_val4_read, i11 %loopWidth, i1 %x_phase, i15 %xor_ln1014_1, i11 %width_val8_read, i24 %imgRB, i24 %imgRgb, i8 %p_0_0_01177_217691799_lcssa1835_i, i8 %p_0_0_01178_217671797_lcssa1833_i, i8 %p_0_0_01179_217651795_lcssa1831_i, i8 %p_0_2_0_0_011541792_lcssa1829_i, i8 %p_0_1_0_0_011531790_lcssa1827_i, i8 %p_0_0_0_0_011521788_lcssa1825_i, i8 %p_0_0_0116417751787_lcssa1823_i, i8 %p_0_0_0116517731785_lcssa1821_i, i8 %p_0_0_0116617711783_lcssa1819_i, i8 %p_0_2_0_0_011601699_lcssa1741_i, i8 %p_0_1_0_0_011591696_lcssa1739_i, i8 %p_0_0_0_0_011581693_lcssa1737_i" [C:/pcam5/prj/sol/.autopilot/db/v_demosaic.cpp:878->C:/pcam5/prj/sol/.autopilot/db/v_demosaic.cpp:1073]   --->   Operation 55 'call' 'call_ln878' <Predicate = true> <Delay = 1.22> <CoreType = "Generic">   --->   Generic Core

State 4 <SV = 3> <Delay = 0.00>
ST_4 : Operation 56 [1/1] (0.00ns)   --->   "%specloopname_ln878 = specloopname void @_ssdm_op_SpecLoopName, void @empty_18" [C:/pcam5/prj/sol/.autopilot/db/v_demosaic.cpp:878->C:/pcam5/prj/sol/.autopilot/db/v_demosaic.cpp:1073]   --->   Operation 56 'specloopname' 'specloopname_ln878' <Predicate = true> <Delay = 0.00>
ST_4 : Operation 57 [1/2] (0.00ns)   --->   "%call_ln878 = call void @DebayerRandBatG_Pipeline_VITIS_LOOP_881_2, i8 %p_0_0_01177_217691799_lcssa1835_i_load, i8 %p_0_0_01178_217671797_lcssa1833_i_load, i8 %p_0_0_01179_217651795_lcssa1831_i_load, i8 %p_0_2_0_0_011541792_lcssa1829_i_load, i8 %p_0_1_0_0_011531790_lcssa1827_i_load, i8 %p_0_0_0_0_011521788_lcssa1825_i_load, i8 %p_0_0_0116417751787_lcssa1823_i_load, i8 %p_0_0_0116517731785_lcssa1821_i_load, i8 %p_0_0_0116617711783_lcssa1819_i_load, i8 %p_0_2_0_0_011601699_lcssa1741_i_load, i8 %p_0_1_0_0_011591696_lcssa1739_i_load, i8 %p_0_0_0_0_011581693_lcssa1737_i_load, i11 %y_5, i11 %height_val4_read, i11 %loopWidth, i1 %x_phase, i15 %xor_ln1014_1, i11 %width_val8_read, i24 %imgRB, i24 %imgRgb, i8 %p_0_0_01177_217691799_lcssa1835_i, i8 %p_0_0_01178_217671797_lcssa1833_i, i8 %p_0_0_01179_217651795_lcssa1831_i, i8 %p_0_2_0_0_011541792_lcssa1829_i, i8 %p_0_1_0_0_011531790_lcssa1827_i, i8 %p_0_0_0_0_011521788_lcssa1825_i, i8 %p_0_0_0116417751787_lcssa1823_i, i8 %p_0_0_0116517731785_lcssa1821_i, i8 %p_0_0_0116617711783_lcssa1819_i, i8 %p_0_2_0_0_011601699_lcssa1741_i, i8 %p_0_1_0_0_011591696_lcssa1739_i, i8 %p_0_0_0_0_011581693_lcssa1737_i" [C:/pcam5/prj/sol/.autopilot/db/v_demosaic.cpp:878->C:/pcam5/prj/sol/.autopilot/db/v_demosaic.cpp:1073]   --->   Operation 57 'call' 'call_ln878' <Predicate = true> <Delay = 0.00> <CoreType = "Generic">   --->   Generic Core
ST_4 : Operation 58 [1/1] (0.00ns)   --->   "%br_ln878 = br void %VITIS_LOOP_881_2.i" [C:/pcam5/prj/sol/.autopilot/db/v_demosaic.cpp:878->C:/pcam5/prj/sol/.autopilot/db/v_demosaic.cpp:1073]   --->   Operation 58 'br' 'br_ln878' <Predicate = true> <Delay = 0.00>


============================================================
+ Verbose Summary: Timing violations
============================================================
Target clock period: 6.734ns, clock uncertainty: 1.818ns.

 <State 1>: 2.636ns
The critical path consists of the following:
	fifo read operation ('height_val4_read') on port 'height_val4' [24]  (1.838 ns)
	'add' operation 11 bit ('loopHeight', C:/pcam5/prj/sol/.autopilot/db/v_demosaic.cpp:854->C:/pcam5/prj/sol/.autopilot/db/v_demosaic.cpp:1073) [28]  (0.798 ns)

 <State 2>: 1.225ns
The critical path consists of the following:
	'load' operation 11 bit ('y', C:/pcam5/prj/sol/.autopilot/db/v_demosaic.cpp:878->C:/pcam5/prj/sol/.autopilot/db/v_demosaic.cpp:1073) on local variable 'y', C:/pcam5/prj/sol/.autopilot/db/v_demosaic.cpp:851->C:/pcam5/prj/sol/.autopilot/db/v_demosaic.cpp:1073 [34]  (0.000 ns)
	'icmp' operation 1 bit ('icmp_ln878', C:/pcam5/prj/sol/.autopilot/db/v_demosaic.cpp:878->C:/pcam5/prj/sol/.autopilot/db/v_demosaic.cpp:1073) [35]  (0.798 ns)
	'store' operation ('store_ln851', C:/pcam5/prj/sol/.autopilot/db/v_demosaic.cpp:851->C:/pcam5/prj/sol/.autopilot/db/v_demosaic.cpp:1073) of variable 'y', C:/pcam5/prj/sol/.autopilot/db/v_demosaic.cpp:878->C:/pcam5/prj/sol/.autopilot/db/v_demosaic.cpp:1073 11 bit on local variable 'y', C:/pcam5/prj/sol/.autopilot/db/v_demosaic.cpp:851->C:/pcam5/prj/sol/.autopilot/db/v_demosaic.cpp:1073 [58]  (0.427 ns)

 <State 3>: 1.512ns
The critical path consists of the following:
	'xor' operation 1 bit ('xor_ln1014', C:/pcam5/prj/sol/.autopilot/db/v_demosaic.cpp:1014->C:/pcam5/prj/sol/.autopilot/db/v_demosaic.cpp:1073) [54]  (0.000 ns)
	'xor' operation 15 bit ('xor_ln1014_1', C:/pcam5/prj/sol/.autopilot/db/v_demosaic.cpp:1014->C:/pcam5/prj/sol/.autopilot/db/v_demosaic.cpp:1073) [56]  (0.287 ns)
	'call' operation ('call_ln878', C:/pcam5/prj/sol/.autopilot/db/v_demosaic.cpp:878->C:/pcam5/prj/sol/.autopilot/db/v_demosaic.cpp:1073) to 'DebayerRandBatG_Pipeline_VITIS_LOOP_881_2' [57]  (1.225 ns)

 <State 4>: 0.000ns
The critical path consists of the following:


============================================================
+ Verbose Summary: Binding
============================================================
N/A
* FSMD analyzer results:
  - Output states:
 - Input state : 
  - Chain level:
	State 1
	State 2
	State 3
	State 4


============================================================
+ Verbose Summary: Datapath Resource usage 
============================================================
N/A
