

================================================================
== Vitis HLS Report for 'ZipperRemoval'
================================================================
* Date:           Tue Apr  7 16:03:04 2026

* Version:        2025.2 (Build 6295257 on Nov 12 2025)
* Project:        prj
* Solution:       sol (Vivado IP Flow Target)
* Product family: zynquplus
* Target device:  xczu3eg-sfvc784-2-e


================================================================
== Performance Estimates
================================================================
+ Timing: 
    * Summary: 
    +--------+---------+----------+------------+
    |  Clock |  Target | Estimated| Uncertainty|
    +--------+---------+----------+------------+
    |ap_clk  |  6.73 ns|  3.301 ns|     1.82 ns|
    +--------+---------+----------+------------+

+ Latency: 
    * Summary: 
    +---------+------------+----------+------------+-----+------------+---------+
    |   Latency (cycles)   |   Latency (absolute)  |     Interval     | Pipeline|
    |   min   |     max    |    min   |     max    | min |     max    |   Type  |
    +---------+------------+----------+------------+-----+------------+---------+
    |        1|  4295360506|  6.734 ns|  28.925 sec|    1|  4295360506|       no|
    +---------+------------+----------+------------+-----+------------+---------+

    + Detail: 
        * Instance: 
        N/A

        * Loop: 
        +---------------------+---------+------------+-----------+-----------+-----------+-----------+----------+
        |                     |   Latency (cycles)   | Iteration |  Initiation Interval  |    Trip   |          |
        |      Loop Name      |   min   |     max    |  Latency  |  achieved |   target  |   Count   | Pipelined|
        +---------------------+---------+------------+-----------+-----------+-----------+-----------+----------+
        |- VITIS_LOOP_1099_1  |        0|  4295360505|  8 ~ 65543|          -|          -|  0 ~ 65535|        no|
        +---------------------+---------+------------+-----------+-----------+-----------+-----------+----------+

============================================================
+ Verbose Summary: Synthesis Manager
============================================================
InlineROM: 1
ExposeGlobal: 0
============================================================
+ Verbose Summary: CDFG Model
============================================================
IsTopModel: 0
ResetActiveHigh: 1
IsCombinational: 2
IsDatapathOnly: 0
HasWiredReturn: 1
HasMFsm: 0
HasVarLatency: 1
IsPipeline: 0
IsRtlPipelined: 0
IsInstanceOverlapped: 0
IsDontTouch: 0
HasImplIP: 0
IsGatedGlobalClock: 0


============================================================
+ Verbose Summary: Schedule
============================================================
* Number of FSM states : 4
* Pipeline : 0
* Dataflow Pipeline: 0

* FSM state transitions: 
1 --> 2 
2 --> 3 
3 --> 4 
4 --> 2 

* FSM state operations: 

State 1 <SV = 0> <Delay = 0.85>
ST_1 : Operation 5 [1/1] (0.00ns)   --->   "%y = alloca i32 1" [C:/pcam5/prj/sol/.autopilot/db/v_demosaic.cpp:1083]   --->   Operation 5 'alloca' 'y' <Predicate = true> <Delay = 0.00>
ST_1 : Operation 6 [1/1] (0.00ns)   --->   "%p_0_0_0507_1_lcssa716 = alloca i32 1"   --->   Operation 6 'alloca' 'p_0_0_0507_1_lcssa716' <Predicate = true> <Delay = 0.00>
ST_1 : Operation 7 [1/1] (0.00ns)   --->   "%p_0_0_0506_1_lcssa718 = alloca i32 1"   --->   Operation 7 'alloca' 'p_0_0_0506_1_lcssa718' <Predicate = true> <Delay = 0.00>
ST_1 : Operation 8 [1/1] (0.00ns)   --->   "%p_0_0_0505_1_lcssa720 = alloca i32 1"   --->   Operation 8 'alloca' 'p_0_0_0505_1_lcssa720' <Predicate = true> <Delay = 0.00>
ST_1 : Operation 9 [1/1] (0.00ns)   --->   "%p_0_0_0504_1_lcssa722 = alloca i32 1"   --->   Operation 9 'alloca' 'p_0_0_0504_1_lcssa722' <Predicate = true> <Delay = 0.00>
ST_1 : Operation 10 [1/1] (0.00ns)   --->   "%conv2_i_i_lcssa724 = alloca i32 1"   --->   Operation 10 'alloca' 'conv2_i_i_lcssa724' <Predicate = true> <Delay = 0.00>
ST_1 : Operation 11 [1/1] (0.00ns)   --->   "%p_0_0_0503692_lcssa699726 = alloca i32 1"   --->   Operation 11 'alloca' 'p_0_0_0503692_lcssa699726' <Predicate = true> <Delay = 0.00>
ST_1 : Operation 12 [1/1] (0.00ns)   --->   "%p_0_0_0502688_lcssa702727 = alloca i32 1"   --->   Operation 12 'alloca' 'p_0_0_0502688_lcssa702727' <Predicate = true> <Delay = 0.00>
ST_1 : Operation 13 [1/1] (0.00ns)   --->   "%p_0_0_0501690_lcssa705729 = alloca i32 1"   --->   Operation 13 'alloca' 'p_0_0_0501690_lcssa705729' <Predicate = true> <Delay = 0.00>
ST_1 : Operation 14 [1/1] (0.00ns)   --->   "%width_val_read = read i16 @_ssdm_op_Read.ap_auto.i16, i16 %width_val"   --->   Operation 14 'read' 'width_val_read' <Predicate = true> <Delay = 0.00>
ST_1 : Operation 15 [1/1] (0.00ns)   --->   "%height_val_read = read i16 @_ssdm_op_Read.ap_auto.i16, i16 %height_val"   --->   Operation 15 'read' 'height_val_read' <Predicate = true> <Delay = 0.00>
ST_1 : Operation 16 [1/1] (0.00ns)   --->   "%specinterface_ln0 = specinterface void @_ssdm_op_SpecInterface, i24 %imgUnzip, void @empty_20, i32 0, i32 0, void @empty_14, i32 0, i32 0, void @empty_14, void @empty_14, void @empty_14, i32 0, i32 0, i32 0, i32 0, void @empty_14, void @empty_14, i32 4294967295, i32 0, i32 0, i32 0"   --->   Operation 16 'specinterface' 'specinterface_ln0' <Predicate = true> <Delay = 0.00>
ST_1 : Operation 17 [1/1] (0.00ns)   --->   "%specinterface_ln0 = specinterface void @_ssdm_op_SpecInterface, i24 %imgRgb, void @empty_20, i32 0, i32 0, void @empty_14, i32 0, i32 0, void @empty_14, void @empty_14, void @empty_14, i32 0, i32 0, i32 0, i32 0, void @empty_14, void @empty_14, i32 4294967295, i32 0, i32 0, i32 0"   --->   Operation 17 'specinterface' 'specinterface_ln0' <Predicate = true> <Delay = 0.00>
ST_1 : Operation 18 [1/1] (0.00ns)   --->   "%zext_ln1085 = zext i16 %width_val_read" [C:/pcam5/prj/sol/.autopilot/db/v_demosaic.cpp:1085]   --->   Operation 18 'zext' 'zext_ln1085' <Predicate = true> <Delay = 0.00>
ST_1 : Operation 19 [1/1] (0.85ns)   --->   "%loopWidth = add i17 %zext_ln1085, i17 1" [C:/pcam5/prj/sol/.autopilot/db/v_demosaic.cpp:1085]   --->   Operation 19 'add' 'loopWidth' <Predicate = true> <Delay = 0.85> <CoreInst = "Adder">   --->   Core 1 'Adder' <Latency = 0> <II = 1> <Delay = 0.85> <FuncUnit> <Opcode : 'add' 'sub'> <InPorts = 2> <OutPorts = 1>
ST_1 : Operation 20 [1/1] (0.00ns)   --->   "%store_ln0 = store i8 0, i8 %p_0_0_0501690_lcssa705729"   --->   Operation 20 'store' 'store_ln0' <Predicate = true> <Delay = 0.00>
ST_1 : Operation 21 [1/1] (0.00ns)   --->   "%store_ln0 = store i8 0, i8 %p_0_0_0502688_lcssa702727"   --->   Operation 21 'store' 'store_ln0' <Predicate = true> <Delay = 0.00>
ST_1 : Operation 22 [1/1] (0.00ns)   --->   "%store_ln0 = store i8 0, i8 %p_0_0_0503692_lcssa699726"   --->   Operation 22 'store' 'store_ln0' <Predicate = true> <Delay = 0.00>
ST_1 : Operation 23 [1/1] (0.00ns)   --->   "%store_ln0 = store i5 0, i5 %conv2_i_i_lcssa724"   --->   Operation 23 'store' 'store_ln0' <Predicate = true> <Delay = 0.00>
ST_1 : Operation 24 [1/1] (0.00ns)   --->   "%store_ln0 = store i8 0, i8 %p_0_0_0504_1_lcssa722"   --->   Operation 24 'store' 'store_ln0' <Predicate = true> <Delay = 0.00>
ST_1 : Operation 25 [1/1] (0.00ns)   --->   "%store_ln0 = store i8 0, i8 %p_0_0_0505_1_lcssa720"   --->   Operation 25 'store' 'store_ln0' <Predicate = true> <Delay = 0.00>
ST_1 : Operation 26 [1/1] (0.00ns)   --->   "%store_ln0 = store i8 0, i8 %p_0_0_0506_1_lcssa718"   --->   Operation 26 'store' 'store_ln0' <Predicate = true> <Delay = 0.00>
ST_1 : Operation 27 [1/1] (0.00ns)   --->   "%store_ln0 = store i8 0, i8 %p_0_0_0507_1_lcssa716"   --->   Operation 27 'store' 'store_ln0' <Predicate = true> <Delay = 0.00>
ST_1 : Operation 28 [1/1] (0.42ns)   --->   "%store_ln1083 = store i16 0, i16 %y" [C:/pcam5/prj/sol/.autopilot/db/v_demosaic.cpp:1083]   --->   Operation 28 'store' 'store_ln1083' <Predicate = true> <Delay = 0.42>
ST_1 : Operation 29 [1/1] (0.00ns)   --->   "%br_ln1099 = br void %VITIS_LOOP_1101_2" [C:/pcam5/prj/sol/.autopilot/db/v_demosaic.cpp:1099]   --->   Operation 29 'br' 'br_ln1099' <Predicate = true> <Delay = 0.00>

State 2 <SV = 1> <Delay = 1.28>
ST_2 : Operation 30 [1/1] (0.00ns)   --->   "%y_1 = load i16 %y" [C:/pcam5/prj/sol/.autopilot/db/v_demosaic.cpp:1099]   --->   Operation 30 'load' 'y_1' <Predicate = true> <Delay = 0.00>
ST_2 : Operation 31 [1/1] (0.85ns)   --->   "%icmp_ln1099 = icmp_eq  i16 %y_1, i16 %height_val_read" [C:/pcam5/prj/sol/.autopilot/db/v_demosaic.cpp:1099]   --->   Operation 31 'icmp' 'icmp_ln1099' <Predicate = true> <Delay = 0.85> <CoreInst = "Cmp">   --->   Core 9 'Cmp' <Latency = 0> <II = 1> <Delay = 0.85> <FuncUnit> <Opcode : 'seteq' 'setne' 'setle' 'setge' 'setlt' 'setgt'> <InPorts = 2> <OutPorts = 1>
ST_2 : Operation 32 [1/1] (0.85ns)   --->   "%y_2 = add i16 %y_1, i16 1" [C:/pcam5/prj/sol/.autopilot/db/v_demosaic.cpp:1099]   --->   Operation 32 'add' 'y_2' <Predicate = true> <Delay = 0.85> <CoreInst = "Adder">   --->   Core 1 'Adder' <Latency = 0> <II = 1> <Delay = 0.85> <FuncUnit> <Opcode : 'add' 'sub'> <InPorts = 2> <OutPorts = 1>
ST_2 : Operation 33 [1/1] (0.00ns)   --->   "%br_ln1099 = br i1 %icmp_ln1099, void %VITIS_LOOP_1101_2.split, void %for.end228" [C:/pcam5/prj/sol/.autopilot/db/v_demosaic.cpp:1099]   --->   Operation 33 'br' 'br_ln1099' <Predicate = true> <Delay = 0.00>
ST_2 : Operation 34 [1/1] (0.00ns)   --->   "%conv2_i_i_lcssa724_load = load i5 %conv2_i_i_lcssa724"   --->   Operation 34 'load' 'conv2_i_i_lcssa724_load' <Predicate = (!icmp_ln1099)> <Delay = 0.00>
ST_2 : Operation 35 [1/1] (0.00ns)   --->   "%p_0_0_0503692_lcssa699726_load = load i8 %p_0_0_0503692_lcssa699726"   --->   Operation 35 'load' 'p_0_0_0503692_lcssa699726_load' <Predicate = (!icmp_ln1099)> <Delay = 0.00>
ST_2 : Operation 36 [1/1] (0.00ns)   --->   "%p_0_0_0502688_lcssa702727_load = load i8 %p_0_0_0502688_lcssa702727"   --->   Operation 36 'load' 'p_0_0_0502688_lcssa702727_load' <Predicate = (!icmp_ln1099)> <Delay = 0.00>
ST_2 : Operation 37 [1/1] (0.00ns)   --->   "%p_0_0_0501690_lcssa705729_load = load i8 %p_0_0_0501690_lcssa705729"   --->   Operation 37 'load' 'p_0_0_0501690_lcssa705729_load' <Predicate = (!icmp_ln1099)> <Delay = 0.00>
ST_2 : Operation 38 [1/1] (0.42ns)   --->   "%store_ln1083 = store i16 %y_2, i16 %y" [C:/pcam5/prj/sol/.autopilot/db/v_demosaic.cpp:1083]   --->   Operation 38 'store' 'store_ln1083' <Predicate = (!icmp_ln1099)> <Delay = 0.42>
ST_2 : Operation 39 [1/1] (0.00ns)   --->   "%ret_ln1165 = ret" [C:/pcam5/prj/sol/.autopilot/db/v_demosaic.cpp:1165]   --->   Operation 39 'ret' 'ret_ln1165' <Predicate = (icmp_ln1099)> <Delay = 0.00>

State 3 <SV = 2> <Delay = 1.29>
ST_3 : Operation 40 [2/2] (1.29ns)   --->   "%call_ln1085 = call void @ZipperRemoval_Pipeline_VITIS_LOOP_1101_2, i8 %p_0_0_0501690_lcssa705729_load, i8 %p_0_0_0502688_lcssa702727_load, i8 %p_0_0_0503692_lcssa699726_load, i5 %conv2_i_i_lcssa724_load, i16 %width_val_read, i17 %loopWidth, i24 %imgRgb, i24 %imgUnzip, i8 %p_0_0_0501690_lcssa705729, i8 %p_0_0_0502688_lcssa702727, i8 %p_0_0_0503692_lcssa699726, i8 %p_0_0_0504_1_lcssa722, i8 %p_0_0_0505_1_lcssa720, i8 %p_0_0_0506_1_lcssa718, i8 %p_0_0_0507_1_lcssa716, i5 %conv2_i_i_lcssa724" [C:/pcam5/prj/sol/.autopilot/db/v_demosaic.cpp:1085]   --->   Operation 40 'call' 'call_ln1085' <Predicate = true> <Delay = 1.29> <CoreType = "Generic">   --->   Generic Core

State 4 <SV = 3> <Delay = 0.00>
ST_4 : Operation 41 [1/1] (0.00ns)   --->   "%speclooptripcount_ln1083 = speclooptripcount void @_ssdm_op_SpecLoopTripCount, i64 0, i64 65535, i64 32767" [C:/pcam5/prj/sol/.autopilot/db/v_demosaic.cpp:1083]   --->   Operation 41 'speclooptripcount' 'speclooptripcount_ln1083' <Predicate = true> <Delay = 0.00>
ST_4 : Operation 42 [1/1] (0.00ns)   --->   "%specloopname_ln1099 = specloopname void @_ssdm_op_SpecLoopName, void @empty_1" [C:/pcam5/prj/sol/.autopilot/db/v_demosaic.cpp:1099]   --->   Operation 42 'specloopname' 'specloopname_ln1099' <Predicate = true> <Delay = 0.00>
ST_4 : Operation 43 [1/2] (0.00ns)   --->   "%call_ln1085 = call void @ZipperRemoval_Pipeline_VITIS_LOOP_1101_2, i8 %p_0_0_0501690_lcssa705729_load, i8 %p_0_0_0502688_lcssa702727_load, i8 %p_0_0_0503692_lcssa699726_load, i5 %conv2_i_i_lcssa724_load, i16 %width_val_read, i17 %loopWidth, i24 %imgRgb, i24 %imgUnzip, i8 %p_0_0_0501690_lcssa705729, i8 %p_0_0_0502688_lcssa702727, i8 %p_0_0_0503692_lcssa699726, i8 %p_0_0_0504_1_lcssa722, i8 %p_0_0_0505_1_lcssa720, i8 %p_0_0_0506_1_lcssa718, i8 %p_0_0_0507_1_lcssa716, i5 %conv2_i_i_lcssa724" [C:/pcam5/prj/sol/.autopilot/db/v_demosaic.cpp:1085]   --->   Operation 43 'call' 'call_ln1085' <Predicate = true> <Delay = 0.00> <CoreType = "Generic">   --->   Generic Core
ST_4 : Operation 44 [1/1] (0.00ns)   --->   "%br_ln1099 = br void %VITIS_LOOP_1101_2" [C:/pcam5/prj/sol/.autopilot/db/v_demosaic.cpp:1099]   --->   Operation 44 'br' 'br_ln1099' <Predicate = true> <Delay = 0.00>


============================================================
+ Verbose Summary: Timing violations
============================================================
Target clock period: 6.734ns, clock uncertainty: 1.818ns.

 <State 1>: 0.853ns
The critical path consists of the following:
	wire read operation ('width_val_read') on port 'width_val' [14]  (0.000 ns)
	'add' operation 17 bit ('loopWidth', C:/pcam5/prj/sol/.autopilot/db/v_demosaic.cpp:1085) [19]  (0.853 ns)

 <State 2>: 1.280ns
The critical path consists of the following:
	'load' operation 16 bit ('y', C:/pcam5/prj/sol/.autopilot/db/v_demosaic.cpp:1099) on local variable 'y', C:/pcam5/prj/sol/.autopilot/db/v_demosaic.cpp:1083 [31]  (0.000 ns)
	'icmp' operation 1 bit ('icmp_ln1099', C:/pcam5/prj/sol/.autopilot/db/v_demosaic.cpp:1099) [32]  (0.853 ns)
	'store' operation ('store_ln1083', C:/pcam5/prj/sol/.autopilot/db/v_demosaic.cpp:1083) of variable 'y', C:/pcam5/prj/sol/.autopilot/db/v_demosaic.cpp:1099 16 bit on local variable 'y', C:/pcam5/prj/sol/.autopilot/db/v_demosaic.cpp:1083 [43]  (0.427 ns)

 <State 3>: 1.290ns
The critical path consists of the following:
	'call' operation ('call_ln1085', C:/pcam5/prj/sol/.autopilot/db/v_demosaic.cpp:1085) to 'ZipperRemoval_Pipeline_VITIS_LOOP_1101_2' [42]  (1.290 ns)

 <State 4>: 0.000ns
The critical path consists of the following:


============================================================
+ Verbose Summary: Binding
============================================================
N/A
* FSMD analyzer results:
  - Output states:
 - Input state : 
  - Chain level:
	State 1
	State 2
	State 3
	State 4


============================================================
+ Verbose Summary: Datapath Resource usage 
============================================================
N/A
