Copyright 1986-2022 Xilinx, Inc. All Rights Reserved. Copyright 2022-2025 Advanced Micro Devices, Inc. All Rights Reserved.
---------------------------------------------------------------------------------------------------------------------------------------------
| Tool Version : Vivado v.2025.2 (win64) Build 6299465 Fri Nov 14 19:35:11 GMT 2025
| Date         : Mon Apr 13 20:14:20 2026
| Host         : ConnectedFerret running 64-bit major release  (build 9200)
| Command      : upgrade_ip
| Device       : xczu3eg-sfvc784-2-e
---------------------------------------------------------------------------------------------------------------------------------------------

Upgrade Log for IP 'pcam_AXI4_Stream_Frame_St_0_1'

1. Summary
----------

SUCCESS in the update of pcam_AXI4_Stream_Frame_St_0_1 (xilinx.com:user:AXI4_Stream_Frame_Stitch_wrapper:1.0 (Rev. 2)) to current project options.






Copyright 1986-2022 Xilinx, Inc. All Rights Reserved. Copyright 2022-2025 Advanced Micro Devices, Inc. All Rights Reserved.
---------------------------------------------------------------------------------------------------------------------------------------------
| Tool Version : Vivado v.2025.2 (win64) Build 6299465 Fri Nov 14 19:35:11 GMT 2025
| Date         : Mon Apr 13 20:09:55 2026
| Host         : ConnectedFerret running 64-bit major release  (build 9200)
| Command      : upgrade_ip
| Device       : xczu3eg-sfvc784-2-e
---------------------------------------------------------------------------------------------------------------------------------------------

Upgrade Log for IP 'pcam_AXI4_Stream_Frame_St_0_1'

1. Summary
----------

SUCCESS in the update of pcam_AXI4_Stream_Frame_St_0_1 (xilinx.com:user:AXI4_Stream_Frame_Stitch_wrapper:1.0 (Rev. 2)) to current project options.






Copyright 1986-2022 Xilinx, Inc. All Rights Reserved. Copyright 2022-2025 Advanced Micro Devices, Inc. All Rights Reserved.
---------------------------------------------------------------------------------------------------------------------------------------------
| Tool Version : Vivado v.2025.2 (win64) Build 6299465 Fri Nov 14 19:35:11 GMT 2025
| Date         : Mon Apr 13 20:09:55 2026
| Host         : ConnectedFerret running 64-bit major release  (build 9200)
| Command      : upgrade_ip
| Device       : xczu3eg-sfvc784-2-e
---------------------------------------------------------------------------------------------------------------------------------------------

Upgrade Log for IP 'pcam_AXI4_Stream_Crop_wra_0_0'

1. Summary
----------

SUCCESS in the update of pcam_AXI4_Stream_Crop_wra_0_0 (xilinx.com:user:AXI4_Stream_Crop_wrapper:1.01 (Rev. 1)) to current project options.






Copyright 1986-2022 Xilinx, Inc. All Rights Reserved. Copyright 2022-2025 Advanced Micro Devices, Inc. All Rights Reserved.
---------------------------------------------------------------------------------------------------------------------------------------------
| Tool Version : Vivado v.2025.2 (win64) Build 6299465 Fri Nov 14 19:35:11 GMT 2025
| Date         : Mon Apr 13 19:06:24 2026
| Host         : ConnectedFerret running 64-bit major release  (build 9200)
| Command      : upgrade_ip
| Device       : xczu3eg-sfvc784-2-e
---------------------------------------------------------------------------------------------------------------------------------------------

Upgrade Log for IP 'pcam_AXI4_Stream_Crop_wra_0_0'

1. Summary
----------

SUCCESS in the update of pcam_AXI4_Stream_Crop_wra_0_0 (xilinx.com:user:AXI4_Stream_Crop_wrapper:1.01 (Rev. 1)) to current project options.






Copyright 1986-2022 Xilinx, Inc. All Rights Reserved. Copyright 2022-2025 Advanced Micro Devices, Inc. All Rights Reserved.
---------------------------------------------------------------------------------------------------------------------------------------------
| Tool Version : Vivado v.2025.2 (win64) Build 6299465 Fri Nov 14 19:35:11 GMT 2025
| Date         : Mon Apr 13 19:06:24 2026
| Host         : ConnectedFerret running 64-bit major release  (build 9200)
| Command      : upgrade_ip
| Device       : xczu3eg-sfvc784-2-e
---------------------------------------------------------------------------------------------------------------------------------------------

Upgrade Log for IP 'pcam_AXI4_Stream_Combine_0_0'

1. Summary
----------

SUCCESS in the update of pcam_AXI4_Stream_Combine_0_0 (xilinx.com:user:AXI4_Stream_Combine_wrapper:1.01 (Rev. 1)) to current project options.






Copyright 1986-2022 Xilinx, Inc. All Rights Reserved. Copyright 2022-2025 Advanced Micro Devices, Inc. All Rights Reserved.
---------------------------------------------------------------------------------------------------------------------------------------------
| Tool Version : Vivado v.2025.2 (win64) Build 6299465 Fri Nov 14 19:35:11 GMT 2025
| Date         : Mon Apr 13 18:34:53 2026
| Host         : ConnectedFerret running 64-bit major release  (build 9200)
| Command      : upgrade_ip
| Device       : xczu3eg-sfvc784-2-e
---------------------------------------------------------------------------------------------------------------------------------------------

Upgrade Log for IP 'pcam_AXI4_Stream_Frame_St_0_1'

1. Summary
----------

SUCCESS in the update of pcam_AXI4_Stream_Frame_St_0_1 (xilinx.com:user:AXI4_Stream_Frame_Stitch_wrapper:1.0 (Rev. 2)) to current project options.






Copyright 1986-2022 Xilinx, Inc. All Rights Reserved. Copyright 2022-2025 Advanced Micro Devices, Inc. All Rights Reserved.
---------------------------------------------------------------------------------------------------------------------------------------------
| Tool Version : Vivado v.2025.2 (win64) Build 6299465 Fri Nov 14 19:35:11 GMT 2025
| Date         : Mon Apr 13 18:34:53 2026
| Host         : ConnectedFerret running 64-bit major release  (build 9200)
| Command      : upgrade_ip
| Device       : xczu3eg-sfvc784-2-e
---------------------------------------------------------------------------------------------------------------------------------------------

Upgrade Log for IP 'pcam_AXI4_Stream_Crop_wra_0_0'

1. Summary
----------

SUCCESS in the update of pcam_AXI4_Stream_Crop_wra_0_0 (xilinx.com:user:AXI4_Stream_Crop_wrapper:1.01 (Rev. 1)) to current project options.






Copyright 1986-2022 Xilinx, Inc. All Rights Reserved. Copyright 2022-2025 Advanced Micro Devices, Inc. All Rights Reserved.
---------------------------------------------------------------------------------------------------------------------------------------------
| Tool Version : Vivado v.2025.2 (win64) Build 6299465 Fri Nov 14 19:35:11 GMT 2025
| Date         : Mon Apr 13 18:34:53 2026
| Host         : ConnectedFerret running 64-bit major release  (build 9200)
| Command      : upgrade_ip
| Device       : xczu3eg-sfvc784-2-e
---------------------------------------------------------------------------------------------------------------------------------------------

Upgrade Log for IP 'pcam_AXI4_Stream_Combine_0_0'

1. Summary
----------

SUCCESS in the update of pcam_AXI4_Stream_Combine_0_0 (xilinx.com:user:AXI4_Stream_Combine_wrapper:1.01 (Rev. 1)) to current project options.






Copyright 1986-2022 Xilinx, Inc. All Rights Reserved. Copyright 2022-2025 Advanced Micro Devices, Inc. All Rights Reserved.
---------------------------------------------------------------------------------------------------------------------------------------------
| Tool Version : Vivado v.2025.2 (win64) Build 6299465 Fri Nov 14 19:35:11 GMT 2025
| Date         : Mon Apr 13 17:49:48 2026
| Host         : ConnectedFerret running 64-bit major release  (build 9200)
| Command      : upgrade_ip
| Device       : xczu3eg-sfvc784-2-e
---------------------------------------------------------------------------------------------------------------------------------------------

Upgrade Log for IP 'pcam_AXI4_Stream_Combine_0_0'

1. Summary
----------

SUCCESS in the upgrade of pcam_AXI4_Stream_Combine_0_0 from xilinx.com:user:AXI4_Stream_Combine_wrapper:1.0 (Rev. 3) to xilinx.com:user:AXI4_Stream_Combine_wrapper:1.01 (Rev. 1)






Copyright 1986-2022 Xilinx, Inc. All Rights Reserved. Copyright 2022-2025 Advanced Micro Devices, Inc. All Rights Reserved.
---------------------------------------------------------------------------------------------------------------------------------------------
| Tool Version : Vivado v.2025.2 (win64) Build 6299465 Fri Nov 14 19:35:11 GMT 2025
| Date         : Sat Apr 11 19:43:34 2026
| Host         : ConnectedFerret running 64-bit major release  (build 9200)
| Command      : upgrade_ip
| Device       : xczu3eg-sfvc784-2-e
---------------------------------------------------------------------------------------------------------------------------------------------

Upgrade Log for IP 'pcam_AXI4_Stream_Delay_wr_0_0'

1. Summary
----------

SUCCESS in the upgrade of pcam_AXI4_Stream_Delay_wr_0_0 from xilinx.com:user:AXI4_Stream_Delay_wrapper:1.0 (Rev. 6) to xilinx.com:user:AXI4_Stream_Delay_wrapper:1.01 (Rev. 1)






Copyright 1986-2022 Xilinx, Inc. All Rights Reserved. Copyright 2022-2025 Advanced Micro Devices, Inc. All Rights Reserved.
---------------------------------------------------------------------------------------------------------------------------------------------
| Tool Version : Vivado v.2025.2 (win64) Build 6299465 Fri Nov 14 19:35:11 GMT 2025
| Date         : Sat Apr 11 19:39:37 2026
| Host         : ConnectedFerret running 64-bit major release  (build 9200)
| Command      : upgrade_ip
| Device       : xczu3eg-sfvc784-2-e
---------------------------------------------------------------------------------------------------------------------------------------------

Upgrade Log for IP 'pcam_grayscale_wrapper_0_1'

1. Summary
----------

SUCCESS in the upgrade of pcam_grayscale_wrapper_0_1 (xilinx.com:user:grayscale_wrapper:1.0) from (Rev. 2) to (Rev. 3)






Copyright 1986-2022 Xilinx, Inc. All Rights Reserved. Copyright 2022-2025 Advanced Micro Devices, Inc. All Rights Reserved.
---------------------------------------------------------------------------------------------------------------------------------------------
| Tool Version : Vivado v.2025.2 (win64) Build 6299465 Fri Nov 14 19:35:11 GMT 2025
| Date         : Sat Apr 11 19:39:37 2026
| Host         : ConnectedFerret running 64-bit major release  (build 9200)
| Command      : upgrade_ip
| Device       : xczu3eg-sfvc784-2-e
---------------------------------------------------------------------------------------------------------------------------------------------

Upgrade Log for IP 'pcam_AXI4_Stream_Delay_wr_0_0'

1. Summary
----------

SUCCESS in the upgrade of pcam_AXI4_Stream_Delay_wr_0_0 (xilinx.com:user:AXI4_Stream_Delay_wrapper:1.0) from (Rev. 5) to (Rev. 6)






Copyright 1986-2022 Xilinx, Inc. All Rights Reserved. Copyright 2022-2025 Advanced Micro Devices, Inc. All Rights Reserved.
---------------------------------------------------------------------------------------------------------------------------------------------
| Tool Version : Vivado v.2025.2 (win64) Build 6299465 Fri Nov 14 19:35:11 GMT 2025
| Date         : Sat Apr 11 19:34:51 2026
| Host         : ConnectedFerret running 64-bit major release  (build 9200)
| Command      : upgrade_ip
| Device       : xczu3eg-sfvc784-2-e
---------------------------------------------------------------------------------------------------------------------------------------------

Upgrade Log for IP 'pcam_AXI4_Stream_Crop_wra_0_0'

1. Summary
----------

SUCCESS in the upgrade of pcam_AXI4_Stream_Crop_wra_0_0 from xilinx.com:user:AXI4_Stream_Crop_wrapper:1.0 (Rev. 2) to xilinx.com:user:AXI4_Stream_Crop_wrapper:1.01 (Rev. 1)






Copyright 1986-2022 Xilinx, Inc. All Rights Reserved. Copyright 2022-2025 Advanced Micro Devices, Inc. All Rights Reserved.
---------------------------------------------------------------------------------------------------------------------------------------------
| Tool Version : Vivado v.2025.2 (win64) Build 6299465 Fri Nov 14 19:35:11 GMT 2025
| Date         : Sat Apr 11 17:07:10 2026
| Host         : ConnectedFerret running 64-bit major release  (build 9200)
| Command      : upgrade_ip
| Device       : xczu3eg-sfvc784-2-e
---------------------------------------------------------------------------------------------------------------------------------------------

Upgrade Log for IP 'pcam_AXI4_Stream_Combine_0_0'

1. Summary
----------

CAUTION (success, with warnings) in the upgrade of pcam_AXI4_Stream_Combine_0_0 (xilinx.com:user:AXI4_Stream_Combine_wrapper:1.0) from (Rev. 5) to (Rev. 3)

After upgrade, an IP may have parameter and port differences compared to the original customization. Please review the parameters within the IP customization GUI to ensure proper functionality. Also, please review the updated IP instantiation template to ensure proper connectivity, and update your design if required.

2. Interface Information
------------------------

Detected external interface differences while upgrading 'pcam_AXI4_Stream_Combine_0_0'.


-Upgrade has removed interface 's_axis'

-Upgrade has added interface 's_axi0' (xilinx.com:interface:axis:1.0)

-Upgrade has added interface 's_axi1' (xilinx.com:interface:axis:1.0)


3. Connection Warnings
----------------------

Detected external port differences while upgrading 'pcam_AXI4_Stream_Combine_0_0'. These changes may impact your design.


-Upgrade has removed port 's_axis_tdata'

-Upgrade has removed port 's_axis_tlast'

-Upgrade has removed port 's_axis_tready'

-Upgrade has removed port 's_axis_tuser'

-Upgrade has removed port 's_axis_tvalid'

-Upgrade has added port 's_axis_tdata0'

-Upgrade has added port 's_axis_tdata1'

-Upgrade has added port 's_axis_tlast0'

-Upgrade has added port 's_axis_tlast1'

-Upgrade has added port 's_axis_tready0'

-Upgrade has added port 's_axis_tready1'

-Upgrade has added port 's_axis_tuser0'

-Upgrade has added port 's_axis_tuser1'

-Upgrade has added port 's_axis_tvalid0'

-Upgrade has added port 's_axis_tvalid1'







Copyright 1986-2022 Xilinx, Inc. All Rights Reserved. Copyright 2022-2025 Advanced Micro Devices, Inc. All Rights Reserved.
---------------------------------------------------------------------------------------------------------------------------------------------
| Tool Version : Vivado v.2025.2 (win64) Build 6299465 Fri Nov 14 19:35:11 GMT 2025
| Date         : Sat Apr 11 16:51:54 2026
| Host         : ConnectedFerret running 64-bit major release  (build 9200)
| Command      : upgrade_ip
| Device       : xczu3eg-sfvc784-2-e
---------------------------------------------------------------------------------------------------------------------------------------------

Upgrade Log for IP 'pcam_AXI4_Stream_Combine_0_0'

1. Summary
----------

SUCCESS in the upgrade of pcam_AXI4_Stream_Combine_0_0 (xilinx.com:user:AXI4_Stream_Combine_wrapper:1.0) from (Rev. 4) to (Rev. 5)






Copyright 1986-2022 Xilinx, Inc. All Rights Reserved. Copyright 2022-2025 Advanced Micro Devices, Inc. All Rights Reserved.
---------------------------------------------------------------------------------------------------------------------------------------------
| Tool Version : Vivado v.2025.2 (win64) Build 6299465 Fri Nov 14 19:35:11 GMT 2025
| Date         : Sat Apr 11 15:24:03 2026
| Host         : ConnectedFerret running 64-bit major release  (build 9200)
| Command      : upgrade_ip
| Device       : xczu3eg-sfvc784-2-e
---------------------------------------------------------------------------------------------------------------------------------------------

Upgrade Log for IP 'pcam_downscaler_param_0_0'

1. Summary
----------

SUCCESS in the update of pcam_downscaler_param_0_0 (xilinx.com:user:downscaler_param:1.0 (Rev. 4)) to current project options.






Copyright 1986-2022 Xilinx, Inc. All Rights Reserved. Copyright 2022-2025 Advanced Micro Devices, Inc. All Rights Reserved.
---------------------------------------------------------------------------------------------------------------------------------------------
| Tool Version : Vivado v.2025.2 (win64) Build 6299465 Fri Nov 14 19:35:11 GMT 2025
| Date         : Sat Apr 11 15:16:43 2026
| Host         : ConnectedFerret running 64-bit major release  (build 9200)
| Command      : upgrade_ip
| Device       : xczu3eg-sfvc784-2-e
---------------------------------------------------------------------------------------------------------------------------------------------

Upgrade Log for IP 'pcam_downscaler_param_0_0'

1. Summary
----------

SUCCESS in the upgrade of pcam_downscaler_param_0_0 (xilinx.com:user:downscaler_param:1.0) from (Rev. 3) to (Rev. 4)






Copyright 1986-2022 Xilinx, Inc. All Rights Reserved. Copyright 2022-2025 Advanced Micro Devices, Inc. All Rights Reserved.
---------------------------------------------------------------------------------------------------------------------------------------------
| Tool Version : Vivado v.2025.2 (win64) Build 6299465 Fri Nov 14 19:35:11 GMT 2025
| Date         : Thu Apr  9 17:55:53 2026
| Host         : ConnectedFerret running 64-bit major release  (build 9200)
| Command      : upgrade_ip
| Device       : xczu3eg-sfvc784-2-e
---------------------------------------------------------------------------------------------------------------------------------------------

Upgrade Log for IP 'pcam_downscaler_param_0_0'

1. Summary
----------

SUCCESS in the update of pcam_downscaler_param_0_0 (xilinx.com:user:downscaler_param:1.0 (Rev. 3)) to current project options.

