#-----------------------------------------------------------
# Vivado v2025.2 (64-bit)
# SW Build 6299465 on Fri Nov 14 19:35:11 GMT 2025
# IP Build 6300035 on Fri Nov 14 10:48:45 MST 2025
# SharedData Build 6298862 on Thu Nov 13 04:50:51 MST 2025
# Start of session at: Tue Apr  7 16:03:19 2026
# Process ID         : 17164
# Current directory  : C:/pcam5/prj/sol/impl/ip
# Command line       : vivado.exe -notrace -mode batch -source run_ippack.tcl
# Log file           : C:/pcam5/prj/sol/impl/ip/vivado.log
# Journal file       : C:/pcam5/prj/sol/impl/ip\vivado.jou
# Running On         : ConnectedFerret
# Platform           : Windows Server 2016 or Windows 10
# Operating System   : 26200
# Processor Detail   : AMD Ryzen 9 6900HS with Radeon Graphics        
# CPU Frequency      : 3294 MHz
# CPU Physical cores : 8
# CPU Logical cores  : 16
# Host memory        : 16354 MB
# Swap memory        : 20508 MB
# Total Virtual      : 36862 MB
# Available Virtual  : 14584 MB
#-----------------------------------------------------------
source run_ippack.tcl -notrace
INFO: calling package_hls_ip ip_types=vitis sysgen json_file=C:/pcam5/prj/sol/sol_data.json outdir=C:/pcam5/prj/sol/impl/ip srcdir=C:/pcam5/prj/sol ippack_options_dict=subcore_use_xci_files false ippack_options_dict=subcore_use_xci_files false
INFO: Copied 1 ipmisc file(s) to C:/pcam5/prj/sol/impl/ip/misc
INFO: Copied 48 verilog file(s) to C:/pcam5/prj/sol/impl/ip/hdl/verilog
INFO: Copied 40 vhdl file(s) to C:/pcam5/prj/sol/impl/ip/hdl/vhdl
INFO: Copied 10 swdriver file(s) to C:/pcam5/prj/sol/impl/ip/drivers
ipx::create_core: Time (s): cpu = 00:00:10 ; elapsed = 00:00:06 . Memory (MB): peak = 540.250 ; gain = 213.984
INFO: Import ports from HDL: C:/pcam5/prj/sol/impl/ip/hdl/vhdl/pcam_v_demosaic_0_0_v_demosaic.vhd (pcam_v_demosaic_0_0_v_demosaic)
INFO: Add axi4lite interface s_axi_CTRL
INFO: Add clock interface ap_clk
INFO: Add reset interface ap_rst_n
INFO: Add interrupt interface interrupt
INFO: [IP_Flow 19-234] Refreshing IP repositories
INFO: [IP_Flow 19-1704] No user IP repositories specified
INFO: [IP_Flow 19-2313] Loaded Vivado IP repository 'C:/AMDDesignTools/2025.2/Vivado/data/ip'.
INFO: Add axi4stream interface s_axis_video
INFO: Add axi4stream interface m_axis_video
INFO: Calling post_process_vitis to specialize IP
INFO: Calling post_process_sysgen to specialize IP
Generating sysgen info xml from json file
INFO: Created IP C:/pcam5/prj/sol/impl/ip/component.xml
INFO: Created IP archive C:/pcam5/prj/sol/impl/ip/xilinx_com_ip_v_demosaic_1_1.zip
INFO: [Common 17-206] Exiting Vivado at Tue Apr  7 16:03:31 2026...
