

================================================================
== Vitis HLS Report for 'AXIvideo2MultiBayer'
================================================================
* Date:           Tue Apr  7 16:03:08 2026

* Version:        2025.2 (Build 6295257 on Nov 12 2025)
* Project:        prj
* Solution:       sol (Vivado IP Flow Target)
* Product family: zynquplus
* Target device:  xczu3eg-sfvc784-2-e


================================================================
== Performance Estimates
================================================================
+ Timing: 
    * Summary: 
    +--------+---------+----------+------------+
    |  Clock |  Target | Estimated| Uncertainty|
    +--------+---------+----------+------------+
    |ap_clk  |  6.73 ns|  2.023 ns|     1.82 ns|
    +--------+---------+----------+------------+

+ Latency: 
    * Summary: 
    +---------+---------+----------+----------+-----+-----+---------+
    |  Latency (cycles) |  Latency (absolute) |  Interval | Pipeline|
    |   min   |   max   |    min   |    max   | min | max |   Type  |
    +---------+---------+----------+----------+-----+-----+---------+
    |        ?|        ?|         ?|         ?|    ?|    ?|       no|
    +---------+---------+----------+----------+-----+-----+---------+

    + Detail: 
        * Instance: 
        +-------------------------------------------------------------+--------------------------------------------------+---------+---------+-----------+-----------+-----+-----+-------------------+
        |                                                             |                                                  |  Latency (cycles) |   Latency (absolute)  |  Interval |      Pipeline     |
        |                           Instance                          |                      Module                      |   min   |   max   |    min    |    max    | min | max |        Type       |
        +-------------------------------------------------------------+--------------------------------------------------+---------+---------+-----------+-----------+-----+-----+-------------------+
        |grp_AXIvideo2MultiBayer_Pipeline_loop_wait_for_start_fu_128  |AXIvideo2MultiBayer_Pipeline_loop_wait_for_start  |        ?|        ?|          ?|          ?|    0|    0|  loop pipeline stp|
        |grp_AXIvideo2MultiBayer_Pipeline_loop_width_fu_148           |AXIvideo2MultiBayer_Pipeline_loop_width           |        3|     1923|  20.202 ns|  12.949 us|    0|    0|  loop pipeline stp|
        |grp_AXIvideo2MultiBayer_Pipeline_loop_wait_for_eol_fu_176    |AXIvideo2MultiBayer_Pipeline_loop_wait_for_eol    |        ?|        ?|          ?|          ?|    0|    0|  loop pipeline stp|
        |grp_reg_unsigned_short_s_fu_212                              |reg_unsigned_short_s                              |        1|        1|   6.734 ns|   6.734 ns|    1|    1|                yes|
        |grp_reg_unsigned_short_s_fu_218                              |reg_unsigned_short_s                              |        1|        1|   6.734 ns|   6.734 ns|    1|    1|                yes|
        +-------------------------------------------------------------+--------------------------------------------------+---------+---------+-----------+-----------+-----+-----+-------------------+

        * Loop: 
        +---------------+---------+---------+----------+-----------+-----------+----------+----------+
        |               |  Latency (cycles) | Iteration|  Initiation Interval  |   Trip   |          |
        |   Loop Name   |   min   |   max   |  Latency |  achieved |   target  |   Count  | Pipelined|
        +---------------+---------+---------+----------+-----------+-----------+----------+----------+
        |- loop_height  |        ?|        ?|         ?|          -|          -|  0 ~ 1080|        no|
        +---------------+---------+---------+----------+-----------+-----------+----------+----------+



================================================================
== Utilization Estimates
================================================================
* Summary: 
+-----------------+---------+-----+--------+-------+-----+
|       Name      | BRAM_18K| DSP |   FF   |  LUT  | URAM|
+-----------------+---------+-----+--------+-------+-----+
|DSP              |        -|    -|       -|      -|    -|
|Expression       |        -|    -|       0|     62|    -|
|FIFO             |        -|    -|       -|      -|    -|
|Instance         |        -|    -|      63|    261|    -|
|Memory           |        -|    -|       -|      -|    -|
|Multiplexer      |        -|    -|       0|    119|    -|
|Register         |        -|    -|      64|      -|    -|
+-----------------+---------+-----+--------+-------+-----+
|Total            |        0|    0|     127|    442|    0|
+-----------------+---------+-----+--------+-------+-----+
|Available        |      432|  360|  141120|  70560|    0|
+-----------------+---------+-----+--------+-------+-----+
|Utilization (%)  |        0|    0|      ~0|     ~0|    0|
+-----------------+---------+-----+--------+-------+-----+

+ Detail: 
    * Instance: 
    +-------------------------------------------------------------+--------------------------------------------------+---------+----+----+-----+-----+
    |                           Instance                          |                      Module                      | BRAM_18K| DSP| FF | LUT | URAM|
    +-------------------------------------------------------------+--------------------------------------------------+---------+----+----+-----+-----+
    |grp_AXIvideo2MultiBayer_Pipeline_loop_wait_for_eol_fu_176    |AXIvideo2MultiBayer_Pipeline_loop_wait_for_eol    |        0|   0|   4|   52|    0|
    |grp_AXIvideo2MultiBayer_Pipeline_loop_wait_for_start_fu_128  |AXIvideo2MultiBayer_Pipeline_loop_wait_for_start  |        0|   0|   4|   47|    0|
    |grp_AXIvideo2MultiBayer_Pipeline_loop_width_fu_148           |AXIvideo2MultiBayer_Pipeline_loop_width           |        0|   0|  29|  158|    0|
    |grp_reg_unsigned_short_s_fu_212                              |reg_unsigned_short_s                              |        0|   0|  13|    2|    0|
    |grp_reg_unsigned_short_s_fu_218                              |reg_unsigned_short_s                              |        0|   0|  13|    2|    0|
    +-------------------------------------------------------------+--------------------------------------------------+---------+----+----+-----+-----+
    |Total                                                        |                                                  |        0|   0|  63|  261|    0|
    +-------------------------------------------------------------+--------------------------------------------------+---------+----+----+-----+-----+

    * DSP: 
    N/A

    * Memory: 
    N/A

    * FIFO: 
    N/A

    * Expression: 
    +-----------------------+----------+----+---+----+------------+------------+
    |     Variable Name     | Operation| DSP| FF| LUT| Bitwidth P0| Bitwidth P1|
    +-----------------------+----------+----+---+----+------------+------------+
    |i_4_fu_285_p2          |         +|   0|  0|  18|          11|           1|
    |and_ln188_1_fu_295_p2  |       and|   0|  0|   2|           1|           1|
    |and_ln188_fu_351_p2    |       and|   0|  0|   2|           1|           1|
    |icmp_ln163_fu_280_p2   |      icmp|   0|  0|  18|          11|          11|
    |icmp_ln166_fu_265_p2   |      icmp|   0|  0|  18|          11|           1|
    |ap_block_state1        |        or|   0|  0|   2|           1|           1|
    |xor_ln188_fu_271_p2    |       xor|   0|  0|   2|           1|           2|
    +-----------------------+----------+----+---+----+------------+------------+
    |Total                  |          |   0|  0|  62|          37|          18|
    +-----------------------+----------+----+---+----+------------+------------+

    * Multiplexer: 
    +----------------------------------+----+-----------+-----+-----------+
    |               Name               | LUT| Input Size| Bits| Total Bits|
    +----------------------------------+----+-----------+-----+-----------+
    |ap_NS_fsm                         |  54|         10|    1|         10|
    |ap_done                           |   9|          2|    1|          2|
    |i_fu_70                           |   9|          2|   11|         22|
    |p_0_0_0_097253_lcssa271_fu_74     |   9|          2|    8|         16|
    |p_4_0_0_0105260_lcssa287_reg_106  |   9|          2|    1|          2|
    |s_axis_video_TREADY_int_regslice  |  20|          4|    1|          4|
    |sof_reg_116                       |   9|          2|    1|          2|
    +----------------------------------+----+-----------+-----+-----------+
    |Total                             | 119|         24|   24|         58|
    +----------------------------------+----+-----------+-----+-----------+

    * Register: 
    +--------------------------------------------------------------------------+----+----+-----+-----------+
    |                                   Name                                   | FF | LUT| Bits| Const Bits|
    +--------------------------------------------------------------------------+----+----+-----+-----------+
    |and_ln188_1_reg_465                                                       |   1|   0|    1|          0|
    |and_ln188_reg_476                                                         |   1|   0|    1|          0|
    |ap_CS_fsm                                                                 |   9|   0|    9|          0|
    |ap_done_reg                                                               |   1|   0|    1|          0|
    |axi_last_loc_fu_90                                                        |   1|   0|    1|          0|
    |cols_reg_441                                                              |  11|   0|   11|          0|
    |grp_AXIvideo2MultiBayer_Pipeline_loop_wait_for_eol_fu_176_ap_start_reg    |   1|   0|    1|          0|
    |grp_AXIvideo2MultiBayer_Pipeline_loop_wait_for_start_fu_128_ap_start_reg  |   1|   0|    1|          0|
    |grp_AXIvideo2MultiBayer_Pipeline_loop_width_fu_148_ap_start_reg           |   1|   0|    1|          0|
    |grp_reg_unsigned_short_s_fu_212_ap_start_reg                              |   1|   0|    1|          0|
    |grp_reg_unsigned_short_s_fu_218_ap_start_reg                              |   1|   0|    1|          0|
    |i_fu_70                                                                   |  11|   0|   11|          0|
    |icmp_ln166_reg_449                                                        |   1|   0|    1|          0|
    |p_0_0_0_097253_lcssa271_fu_74                                             |   8|   0|    8|          0|
    |p_4_0_0_0105260_lcssa285_loc_fu_78                                        |   1|   0|    1|          0|
    |p_4_0_0_0105260_lcssa287_reg_106                                          |   1|   0|    1|          0|
    |rows_reg_436                                                              |  11|   0|   11|          0|
    |sof_reg_116                                                               |   1|   0|    1|          0|
    |xor_ln188_reg_454                                                         |   1|   0|    1|          0|
    +--------------------------------------------------------------------------+----+----+-----+-----------+
    |Total                                                                     |  64|   0|   64|          0|
    +--------------------------------------------------------------------------+----+----+-----+-----------+



================================================================
== Interface
================================================================
* Summary: 
+-------------------------+-----+-----+------------+-----------------------+--------------+
|        RTL Ports        | Dir | Bits|  Protocol  |     Source Object     |    C Type    |
+-------------------------+-----+-----+------------+-----------------------+--------------+
|ap_clk                   |   in|    1|  ap_ctrl_hs|    AXIvideo2MultiBayer|  return value|
|ap_rst                   |   in|    1|  ap_ctrl_hs|    AXIvideo2MultiBayer|  return value|
|ap_start                 |   in|    1|  ap_ctrl_hs|    AXIvideo2MultiBayer|  return value|
|ap_done                  |  out|    1|  ap_ctrl_hs|    AXIvideo2MultiBayer|  return value|
|ap_continue              |   in|    1|  ap_ctrl_hs|    AXIvideo2MultiBayer|  return value|
|ap_idle                  |  out|    1|  ap_ctrl_hs|    AXIvideo2MultiBayer|  return value|
|ap_ready                 |  out|    1|  ap_ctrl_hs|    AXIvideo2MultiBayer|  return value|
|s_axis_video_TDATA       |   in|    8|        axis|  s_axis_video_V_data_V|       pointer|
|s_axis_video_TVALID      |   in|    1|        axis|  s_axis_video_V_dest_V|       pointer|
|s_axis_video_TREADY      |  out|    1|        axis|  s_axis_video_V_dest_V|       pointer|
|s_axis_video_TDEST       |   in|    1|        axis|  s_axis_video_V_dest_V|       pointer|
|s_axis_video_TKEEP       |   in|    1|        axis|  s_axis_video_V_keep_V|       pointer|
|s_axis_video_TSTRB       |   in|    1|        axis|  s_axis_video_V_strb_V|       pointer|
|s_axis_video_TUSER       |   in|    1|        axis|  s_axis_video_V_user_V|       pointer|
|s_axis_video_TLAST       |   in|    1|        axis|  s_axis_video_V_last_V|       pointer|
|s_axis_video_TID         |   in|    1|        axis|    s_axis_video_V_id_V|       pointer|
|imgBayer_din             |  out|    8|     ap_fifo|               imgBayer|       pointer|
|imgBayer_full_n          |   in|    1|     ap_fifo|               imgBayer|       pointer|
|imgBayer_write           |  out|    1|     ap_fifo|               imgBayer|       pointer|
|imgBayer_num_data_valid  |   in|    3|     ap_fifo|               imgBayer|       pointer|
|imgBayer_fifo_cap        |   in|    3|     ap_fifo|               imgBayer|       pointer|
|Height_val               |   in|   16|     ap_none|             Height_val|        scalar|
|WidthIn_val              |   in|   16|     ap_none|            WidthIn_val|        scalar|
+-------------------------+-----+-----+------------+-----------------------+--------------+

