

================================================================
== Vitis HLS Report for 'DebayerRandBatG'
================================================================
* Date:           Tue Apr  7 16:03:10 2026

* Version:        2025.2 (Build 6295257 on Nov 12 2025)
* Project:        prj
* Solution:       sol (Vivado IP Flow Target)
* Product family: zynquplus
* Target device:  xczu3eg-sfvc784-2-e


================================================================
== Performance Estimates
================================================================
+ Timing: 
    * Summary: 
    +--------+---------+----------+------------+
    |  Clock |  Target | Estimated| Uncertainty|
    +--------+---------+----------+------------+
    |ap_clk  |  6.73 ns|  4.634 ns|     1.82 ns|
    +--------+---------+----------+------------+

+ Latency: 
    * Summary: 
    +---------+---------+-----------+-----------+-----+---------+---------+
    |  Latency (cycles) |   Latency (absolute)  |    Interval   | Pipeline|
    |   min   |   max   |    min    |    max    | min |   max   |   Type  |
    +---------+---------+-----------+-----------+-----+---------+---------+
    |        9|  2084169|  60.606 ns|  14.035 ms|    9|  2084169|       no|
    +---------+---------+-----------+-----------+-----+---------+---------+

    + Detail: 
        * Instance: 
        +------------------------------------------------------+-------------------------------------------+---------+---------+-----------+-----------+-----+-----+-------------------+
        |                                                      |                                           |  Latency (cycles) |   Latency (absolute)  |  Interval |      Pipeline     |
        |                       Instance                       |                   Module                  |   min   |   max   |    min    |    max    | min | max |        Type       |
        +------------------------------------------------------+-------------------------------------------+---------+---------+-----------+-----------+-----+-----+-------------------+
        |grp_DebayerRandBatG_Pipeline_VITIS_LOOP_881_2_fu_130  |DebayerRandBatG_Pipeline_VITIS_LOOP_881_2  |        5|     1925|  33.670 ns|  12.963 us|    0|    0|  loop pipeline stp|
        +------------------------------------------------------+-------------------------------------------+---------+---------+-----------+-----------+-----+-----+-------------------+

        * Loop: 
        +--------------------+---------+---------+----------+-----------+-----------+----------+----------+
        |                    |  Latency (cycles) | Iteration|  Initiation Interval  |   Trip   |          |
        |      Loop Name     |   min   |   max   |  Latency |  achieved |   target  |   Count  | Pipelined|
        +--------------------+---------+---------+----------+-----------+-----------+----------+----------+
        |- VITIS_LOOP_878_1  |        8|  2084168|  8 ~ 1928|          -|          -|  1 ~ 1081|        no|
        +--------------------+---------+---------+----------+-----------+-----------+----------+----------+



================================================================
== Utilization Estimates
================================================================
* Summary: 
+-----------------+---------+-----+--------+-------+-----+
|       Name      | BRAM_18K| DSP |   FF   |  LUT  | URAM|
+-----------------+---------+-----+--------+-------+-----+
|DSP              |        -|    -|       -|      -|    -|
|Expression       |        -|    -|       0|     91|    -|
|FIFO             |        -|    -|       -|      -|    -|
|Instance         |        6|    -|     648|   1607|    0|
|Memory           |        -|    -|       -|      -|    -|
|Multiplexer      |        -|    -|       0|     71|    -|
|Register         |        -|    -|     295|      -|    -|
+-----------------+---------+-----+--------+-------+-----+
|Total            |        6|    0|     943|   1769|    0|
+-----------------+---------+-----+--------+-------+-----+
|Available        |      432|  360|  141120|  70560|    0|
+-----------------+---------+-----+--------+-------+-----+
|Utilization (%)  |        1|    0|      ~0|      2|    0|
+-----------------+---------+-----+--------+-------+-----+

+ Detail: 
    * Instance: 
    +------------------------------------------------------+-------------------------------------------+---------+----+-----+------+-----+
    |                       Instance                       |                   Module                  | BRAM_18K| DSP|  FF |  LUT | URAM|
    +------------------------------------------------------+-------------------------------------------+---------+----+-----+------+-----+
    |grp_DebayerRandBatG_Pipeline_VITIS_LOOP_881_2_fu_130  |DebayerRandBatG_Pipeline_VITIS_LOOP_881_2  |        6|   0|  648|  1607|    0|
    +------------------------------------------------------+-------------------------------------------+---------+----+-----+------+-----+
    |Total                                                 |                                           |        6|   0|  648|  1607|    0|
    +------------------------------------------------------+-------------------------------------------+---------+----+-----+------+-----+

    * DSP: 
    N/A

    * Memory: 
    N/A

    * FIFO: 
    N/A

    * Expression: 
    +------------------------+----------+----+---+----+------------+------------+
    |      Variable Name     | Operation| DSP| FF| LUT| Bitwidth P0| Bitwidth P1|
    +------------------------+----------+----+---+----+------------+------------+
    |loopHeight_fu_172_p2    |         +|   0|  0|  18|          11|           1|
    |loopWidth_fu_178_p2     |         +|   0|  0|  18|          11|           1|
    |y_6_fu_207_p2           |         +|   0|  0|  18|          11|           1|
    |icmp_ln878_fu_202_p2    |      icmp|   0|  0|  18|          11|          11|
    |ap_block_state1         |        or|   0|  0|   2|           1|           1|
    |xor_ln1014_1_fu_267_p2  |       xor|   0|  0|  15|          15|          15|
    |xor_ln1014_fu_257_p2    |       xor|   0|  0|   2|           1|           2|
    +------------------------+----------+----+---+----+------------+------------+
    |Total                   |          |   0|  0|  91|          61|          32|
    +------------------------+----------+----+---+----+------------+------------+

    * Multiplexer: 
    +------------------------+----+-----------+-----+-----------+
    |          Name          | LUT| Input Size| Bits| Total Bits|
    +------------------------+----+-----------+-----+-----------+
    |ap_NS_fsm               |  26|          5|    1|          5|
    |ap_done                 |   9|          2|    1|          2|
    |bayerPhase_val11_blk_n  |   9|          2|    1|          2|
    |height_val4_blk_n       |   9|          2|    1|          2|
    |width_val8_blk_n        |   9|          2|    1|          2|
    |y_fu_60                 |   9|          2|   11|         22|
    +------------------------+----+-----------+-----+-----------+
    |Total                   |  71|         15|   16|         35|
    +------------------------+----+-----------+-----+-----------+

    * Register: 
    +-------------------------------------------------------------------+----+----+-----+-----------+
    |                                Name                               | FF | LUT| Bits| Const Bits|
    +-------------------------------------------------------------------+----+----+-----+-----------+
    |ap_CS_fsm                                                          |   4|   0|    4|          0|
    |ap_done_reg                                                        |   1|   0|    1|          0|
    |grp_DebayerRandBatG_Pipeline_VITIS_LOOP_881_2_fu_130_ap_start_reg  |   1|   0|    1|          0|
    |height_val4_read_reg_357                                           |  11|   0|   11|          0|
    |loopHeight_reg_367                                                 |  11|   0|   11|          0|
    |loopWidth_reg_372                                                  |  11|   0|   11|          0|
    |p_0_0_0116417751787_lcssa1823_i_fu_84                              |   8|   0|    8|          0|
    |p_0_0_0116417751787_lcssa1823_i_load_reg_416                       |   8|   0|    8|          0|
    |p_0_0_0116517731785_lcssa1821_i_fu_80                              |   8|   0|    8|          0|
    |p_0_0_0116517731785_lcssa1821_i_load_reg_411                       |   8|   0|    8|          0|
    |p_0_0_0116617711783_lcssa1819_i_fu_76                              |   8|   0|    8|          0|
    |p_0_0_0116617711783_lcssa1819_i_load_reg_406                       |   8|   0|    8|          0|
    |p_0_0_01177_217691799_lcssa1835_i_fu_108                           |   8|   0|    8|          0|
    |p_0_0_01177_217691799_lcssa1835_i_load_reg_446                     |   8|   0|    8|          0|
    |p_0_0_01178_217671797_lcssa1833_i_fu_104                           |   8|   0|    8|          0|
    |p_0_0_01178_217671797_lcssa1833_i_load_reg_441                     |   8|   0|    8|          0|
    |p_0_0_01179_217651795_lcssa1831_i_fu_100                           |   8|   0|    8|          0|
    |p_0_0_01179_217651795_lcssa1831_i_load_reg_436                     |   8|   0|    8|          0|
    |p_0_0_0_0_011521788_lcssa1825_i_fu_88                              |   8|   0|    8|          0|
    |p_0_0_0_0_011521788_lcssa1825_i_load_reg_421                       |   8|   0|    8|          0|
    |p_0_0_0_0_011581693_lcssa1737_i_fu_64                              |   8|   0|    8|          0|
    |p_0_0_0_0_011581693_lcssa1737_i_load_reg_391                       |   8|   0|    8|          0|
    |p_0_1_0_0_011531790_lcssa1827_i_fu_92                              |   8|   0|    8|          0|
    |p_0_1_0_0_011531790_lcssa1827_i_load_reg_426                       |   8|   0|    8|          0|
    |p_0_1_0_0_011591696_lcssa1739_i_fu_68                              |   8|   0|    8|          0|
    |p_0_1_0_0_011591696_lcssa1739_i_load_reg_396                       |   8|   0|    8|          0|
    |p_0_2_0_0_011541792_lcssa1829_i_fu_96                              |   8|   0|    8|          0|
    |p_0_2_0_0_011541792_lcssa1829_i_load_reg_431                       |   8|   0|    8|          0|
    |p_0_2_0_0_011601699_lcssa1741_i_fu_72                              |   8|   0|    8|          0|
    |p_0_2_0_0_011601699_lcssa1741_i_load_reg_401                       |   8|   0|    8|          0|
    |trunc_ln_reg_377                                                   |  15|   0|   15|          0|
    |width_val8_read_reg_352                                            |  11|   0|   11|          0|
    |x_phase_reg_362                                                    |   1|   0|    1|          0|
    |xor_ln1014_1_reg_451                                               |  15|   0|   15|          0|
    |y_5_reg_382                                                        |  11|   0|   11|          0|
    |y_fu_60                                                            |  11|   0|   11|          0|
    +-------------------------------------------------------------------+----+----+-----+-----------+
    |Total                                                              | 295|   0|  295|          0|
    +-------------------------------------------------------------------+----+----+-----+-----------+



================================================================
== Interface
================================================================
* Summary: 
+---------------------------------+-----+-----+------------+------------------+--------------+
|            RTL Ports            | Dir | Bits|  Protocol  |   Source Object  |    C Type    |
+---------------------------------+-----+-----+------------+------------------+--------------+
|ap_clk                           |   in|    1|  ap_ctrl_hs|   DebayerRandBatG|  return value|
|ap_rst                           |   in|    1|  ap_ctrl_hs|   DebayerRandBatG|  return value|
|ap_start                         |   in|    1|  ap_ctrl_hs|   DebayerRandBatG|  return value|
|ap_done                          |  out|    1|  ap_ctrl_hs|   DebayerRandBatG|  return value|
|ap_continue                      |   in|    1|  ap_ctrl_hs|   DebayerRandBatG|  return value|
|ap_idle                          |  out|    1|  ap_ctrl_hs|   DebayerRandBatG|  return value|
|ap_ready                         |  out|    1|  ap_ctrl_hs|   DebayerRandBatG|  return value|
|imgRB_dout                       |   in|   24|     ap_fifo|             imgRB|       pointer|
|imgRB_empty_n                    |   in|    1|     ap_fifo|             imgRB|       pointer|
|imgRB_read                       |  out|    1|     ap_fifo|             imgRB|       pointer|
|imgRB_num_data_valid             |   in|    3|     ap_fifo|             imgRB|       pointer|
|imgRB_fifo_cap                   |   in|    3|     ap_fifo|             imgRB|       pointer|
|imgRgb_din                       |  out|   24|     ap_fifo|            imgRgb|       pointer|
|imgRgb_full_n                    |   in|    1|     ap_fifo|            imgRgb|       pointer|
|imgRgb_write                     |  out|    1|     ap_fifo|            imgRgb|       pointer|
|imgRgb_num_data_valid            |   in|   32|     ap_fifo|            imgRgb|       pointer|
|imgRgb_fifo_cap                  |   in|   32|     ap_fifo|            imgRgb|       pointer|
|height_val4_dout                 |   in|   11|     ap_fifo|       height_val4|       pointer|
|height_val4_empty_n              |   in|    1|     ap_fifo|       height_val4|       pointer|
|height_val4_read                 |  out|    1|     ap_fifo|       height_val4|       pointer|
|height_val4_num_data_valid       |   in|    3|     ap_fifo|       height_val4|       pointer|
|height_val4_fifo_cap             |   in|    3|     ap_fifo|       height_val4|       pointer|
|width_val8_dout                  |   in|   11|     ap_fifo|        width_val8|       pointer|
|width_val8_empty_n               |   in|    1|     ap_fifo|        width_val8|       pointer|
|width_val8_read                  |  out|    1|     ap_fifo|        width_val8|       pointer|
|width_val8_num_data_valid        |   in|    3|     ap_fifo|        width_val8|       pointer|
|width_val8_fifo_cap              |   in|    3|     ap_fifo|        width_val8|       pointer|
|bayerPhase_val11_dout            |   in|   16|     ap_fifo|  bayerPhase_val11|       pointer|
|bayerPhase_val11_empty_n         |   in|    1|     ap_fifo|  bayerPhase_val11|       pointer|
|bayerPhase_val11_read            |  out|    1|     ap_fifo|  bayerPhase_val11|       pointer|
|bayerPhase_val11_num_data_valid  |   in|    3|     ap_fifo|  bayerPhase_val11|       pointer|
|bayerPhase_val11_fifo_cap        |   in|    3|     ap_fifo|  bayerPhase_val11|       pointer|
+---------------------------------+-----+-----+------------+------------------+--------------+

