

================================================================
== Vitis HLS Report for 'DebayerRatBorBatR'
================================================================
* Date:           Tue Apr  7 16:03:09 2026

* Version:        2025.2 (Build 6295257 on Nov 12 2025)
* Project:        prj
* Solution:       sol (Vivado IP Flow Target)
* Product family: zynquplus
* Target device:  xczu3eg-sfvc784-2-e


================================================================
== Performance Estimates
================================================================
+ Timing: 
    * Summary: 
    +--------+---------+----------+------------+
    |  Clock |  Target | Estimated| Uncertainty|
    +--------+---------+----------+------------+
    |ap_clk  |  6.73 ns|  4.740 ns|     1.82 ns|
    +--------+---------+----------+------------+

+ Latency: 
    * Summary: 
    +---------+---------+-----------+-----------+-----+---------+---------+
    |  Latency (cycles) |   Latency (absolute)  |    Interval   | Pipeline|
    |   min   |   max   |    min    |    max    | min |   max   |   Type  |
    +---------+---------+-----------+-----------+-----+---------+---------+
    |       10|  2085250|  67.340 ns|  14.042 ms|   10|  2085250|       no|
    +---------+---------+-----------+-----------+-----+---------+---------+

    + Detail: 
        * Instance: 
        +--------------------------------------------------------+---------------------------------------------+---------+---------+-----------+-----------+-----+-----+-------------------+
        |                                                        |                                             |  Latency (cycles) |   Latency (absolute)  |  Interval |      Pipeline     |
        |                        Instance                        |                    Module                   |   min   |   max   |    min    |    max    | min | max |        Type       |
        +--------------------------------------------------------+---------------------------------------------+---------+---------+-----------+-----------+-----+-----+-------------------+
        |grp_DebayerRatBorBatR_Pipeline_VITIS_LOOP_633_2_fu_176  |DebayerRatBorBatR_Pipeline_VITIS_LOOP_633_2  |        6|     1926|  40.404 ns|  12.970 us|    0|    0|  loop pipeline stp|
        +--------------------------------------------------------+---------------------------------------------+---------+---------+-----------+-----------+-----+-----+-------------------+

        * Loop: 
        +--------------------+---------+---------+----------+-----------+-----------+----------+----------+
        |                    |  Latency (cycles) | Iteration|  Initiation Interval  |   Trip   |          |
        |      Loop Name     |   min   |   max   |  Latency |  achieved |   target  |   Count  | Pipelined|
        +--------------------+---------+---------+----------+-----------+-----------+----------+----------+
        |- VITIS_LOOP_630_1  |        9|  2085249|  9 ~ 1929|          -|          -|  1 ~ 1081|        no|
        +--------------------+---------+---------+----------+-----------+-----------+----------+----------+



================================================================
== Utilization Estimates
================================================================
* Summary: 
+-----------------+---------+-----+--------+-------+-----+
|       Name      | BRAM_18K| DSP |   FF   |  LUT  | URAM|
+-----------------+---------+-----+--------+-------+-----+
|DSP              |        -|    -|       -|      -|    -|
|Expression       |        -|    -|       0|     91|    -|
|FIFO             |        -|    -|       -|      -|    -|
|Instance         |        6|    -|     796|   1559|    0|
|Memory           |        -|    -|       -|      -|    -|
|Multiplexer      |        -|    -|       0|    107|    -|
|Register         |        -|    -|     345|      -|    -|
+-----------------+---------+-----+--------+-------+-----+
|Total            |        6|    0|    1141|   1757|    0|
+-----------------+---------+-----+--------+-------+-----+
|Available        |      432|  360|  141120|  70560|    0|
+-----------------+---------+-----+--------+-------+-----+
|Utilization (%)  |        1|    0|      ~0|      2|    0|
+-----------------+---------+-----+--------+-------+-----+

+ Detail: 
    * Instance: 
    +--------------------------------------------------------+---------------------------------------------+---------+----+-----+------+-----+
    |                        Instance                        |                    Module                   | BRAM_18K| DSP|  FF |  LUT | URAM|
    +--------------------------------------------------------+---------------------------------------------+---------+----+-----+------+-----+
    |grp_DebayerRatBorBatR_Pipeline_VITIS_LOOP_633_2_fu_176  |DebayerRatBorBatR_Pipeline_VITIS_LOOP_633_2  |        6|   0|  796|  1559|    0|
    +--------------------------------------------------------+---------------------------------------------+---------+----+-----+------+-----+
    |Total                                                   |                                             |        6|   0|  796|  1559|    0|
    +--------------------------------------------------------+---------------------------------------------+---------+----+-----+------+-----+

    * DSP: 
    N/A

    * Memory: 
    N/A

    * FIFO: 
    N/A

    * Expression: 
    +-----------------------+----------+----+---+----+------------+------------+
    |     Variable Name     | Operation| DSP| FF| LUT| Bitwidth P0| Bitwidth P1|
    +-----------------------+----------+----+---+----+------------+------------+
    |loopHeight_fu_226_p2   |         +|   0|  0|  18|          11|           1|
    |loopWidth_fu_232_p2    |         +|   0|  0|  18|          11|           1|
    |y_4_fu_261_p2          |         +|   0|  0|  18|          11|           1|
    |icmp_ln630_fu_256_p2   |      icmp|   0|  0|  18|          11|          11|
    |ap_block_state1        |        or|   0|  0|   2|           1|           1|
    |xor_ln772_1_fu_331_p2  |       xor|   0|  0|  15|          15|          15|
    |xor_ln772_fu_320_p2    |       xor|   0|  0|   2|           1|           2|
    +-----------------------+----------+----+---+----+------------+------------+
    |Total                  |          |   0|  0|  91|          61|          32|
    +-----------------------+----------+----+---+----+------------+------------+

    * Multiplexer: 
    +--------------------------+----+-----------+-----+-----------+
    |           Name           | LUT| Input Size| Bits| Total Bits|
    +--------------------------+----+-----------+-----+-----------+
    |ap_NS_fsm                 |  26|          5|    1|          5|
    |ap_done                   |   9|          2|    1|          2|
    |bayerPhase_val11_blk_n    |   9|          2|    1|          2|
    |bayerPhase_val11_c_blk_n  |   9|          2|    1|          2|
    |height_val4_blk_n         |   9|          2|    1|          2|
    |height_val4_c_blk_n       |   9|          2|    1|          2|
    |real_start                |   9|          2|    1|          2|
    |width_val8_blk_n          |   9|          2|    1|          2|
    |width_val8_c_blk_n        |   9|          2|    1|          2|
    |y_fu_70                   |   9|          2|   11|         22|
    +--------------------------+----+-----------+-----+-----------+
    |Total                     | 107|         23|   20|         43|
    +--------------------------+----+-----------+-----+-----------+

    * Register: 
    +---------------------------------------------------------------------+----+----+-----+-----------+
    |                                 Name                                | FF | LUT| Bits| Const Bits|
    +---------------------------------------------------------------------+----+----+-----+-----------+
    |ap_CS_fsm                                                            |   4|   0|    4|          0|
    |ap_done_reg                                                          |   1|   0|    1|          0|
    |grp_DebayerRatBorBatR_Pipeline_VITIS_LOOP_633_2_fu_176_ap_start_reg  |   1|   0|    1|          0|
    |height_val4_read_reg_439                                             |  11|   0|   11|          0|
    |loopHeight_reg_449                                                   |  11|   0|   11|          0|
    |loopWidth_reg_454                                                    |  11|   0|   11|          0|
    |p_0_0_09381411_lcssa1461_i_fu_82                                     |   8|   0|    8|          0|
    |p_0_0_09381411_lcssa1461_i_load_reg_484                              |   8|   0|    8|          0|
    |p_0_0_0938_115011513_lcssa1549_i_fu_118                              |   8|   0|    8|          0|
    |p_0_0_0938_115011513_lcssa1549_i_load_reg_529                        |   8|   0|    8|          0|
    |p_0_0_0938_21441_lcssa1473_i_fu_94                                   |   8|   0|    8|          0|
    |p_0_0_0938_21441_lcssa1473_i_load_reg_499                            |   8|   0|    8|          0|
    |p_0_0_09391408_lcssa1459_i_fu_78                                     |   8|   0|    8|          0|
    |p_0_0_09391408_lcssa1459_i_load_reg_479                              |   8|   0|    8|          0|
    |p_0_0_0939_114991511_lcssa1547_i_fu_114                              |   8|   0|    8|          0|
    |p_0_0_0939_114991511_lcssa1547_i_load_reg_524                        |   8|   0|    8|          0|
    |p_0_0_0939_21438_lcssa1471_i_fu_90                                   |   8|   0|    8|          0|
    |p_0_0_0939_21438_lcssa1471_i_load_reg_494                            |   8|   0|    8|          0|
    |p_0_0_09401405_lcssa1457_i_fu_74                                     |   8|   0|    8|          0|
    |p_0_0_09401405_lcssa1457_i_load_reg_474                              |   8|   0|    8|          0|
    |p_0_0_0940_114971509_lcssa1545_i_fu_110                              |   8|   0|    8|          0|
    |p_0_0_0940_114971509_lcssa1545_i_load_reg_519                        |   8|   0|    8|          0|
    |p_0_0_0940_21435_lcssa1469_i_fu_86                                   |   8|   0|    8|          0|
    |p_0_0_0940_21435_lcssa1469_i_load_reg_489                            |   8|   0|    8|          0|
    |p_0_0_0_0_09071514_lcssa1551_i_fu_122                                |   8|   0|    8|          0|
    |p_0_0_0_0_09071514_lcssa1551_i_load_reg_534                          |   8|   0|    8|          0|
    |p_0_0_0_0_09131502_lcssa1539_i_fu_98                                 |   8|   0|    8|          0|
    |p_0_0_0_0_09131502_lcssa1539_i_load_reg_504                          |   8|   0|    8|          0|
    |p_0_1_0_0_09081516_lcssa1553_i_fu_126                                |   8|   0|    8|          0|
    |p_0_1_0_0_09081516_lcssa1553_i_load_reg_539                          |   8|   0|    8|          0|
    |p_0_1_0_0_09141504_lcssa1541_i_fu_102                                |   8|   0|    8|          0|
    |p_0_1_0_0_09141504_lcssa1541_i_load_reg_509                          |   8|   0|    8|          0|
    |p_0_2_0_0_09091518_lcssa1555_i_fu_130                                |   8|   0|    8|          0|
    |p_0_2_0_0_09091518_lcssa1555_i_load_reg_544                          |   8|   0|    8|          0|
    |p_0_2_0_0_09151506_lcssa1543_i_fu_106                                |   8|   0|    8|          0|
    |p_0_2_0_0_09151506_lcssa1543_i_load_reg_514                          |   8|   0|    8|          0|
    |start_once_reg                                                       |   1|   0|    1|          0|
    |trunc_ln_reg_459                                                     |  15|   0|   15|          0|
    |width_val8_read_reg_434                                              |  11|   0|   11|          0|
    |x_phase_reg_444                                                      |   1|   0|    1|          0|
    |xor_ln772_1_reg_554                                                  |  15|   0|   15|          0|
    |xor_ln772_reg_549                                                    |   1|   0|    1|          0|
    |y_3_reg_465                                                          |  11|   0|   11|          0|
    |y_fu_70                                                              |  11|   0|   11|          0|
    +---------------------------------------------------------------------+----+----+-----+-----------+
    |Total                                                                | 345|   0|  345|          0|
    +---------------------------------------------------------------------+----+----+-----+-----------+



================================================================
== Interface
================================================================
* Summary: 
+-----------------------------------+-----+-----+------------+--------------------+--------------+
|             RTL Ports             | Dir | Bits|  Protocol  |    Source Object   |    C Type    |
+-----------------------------------+-----+-----+------------+--------------------+--------------+
|ap_clk                             |   in|    1|  ap_ctrl_hs|   DebayerRatBorBatR|  return value|
|ap_rst                             |   in|    1|  ap_ctrl_hs|   DebayerRatBorBatR|  return value|
|ap_start                           |   in|    1|  ap_ctrl_hs|   DebayerRatBorBatR|  return value|
|start_full_n                       |   in|    1|  ap_ctrl_hs|   DebayerRatBorBatR|  return value|
|ap_done                            |  out|    1|  ap_ctrl_hs|   DebayerRatBorBatR|  return value|
|ap_continue                        |   in|    1|  ap_ctrl_hs|   DebayerRatBorBatR|  return value|
|ap_idle                            |  out|    1|  ap_ctrl_hs|   DebayerRatBorBatR|  return value|
|ap_ready                           |  out|    1|  ap_ctrl_hs|   DebayerRatBorBatR|  return value|
|start_out                          |  out|    1|  ap_ctrl_hs|   DebayerRatBorBatR|  return value|
|start_write                        |  out|    1|  ap_ctrl_hs|   DebayerRatBorBatR|  return value|
|imgG_dout                          |   in|   24|     ap_fifo|                imgG|       pointer|
|imgG_empty_n                       |   in|    1|     ap_fifo|                imgG|       pointer|
|imgG_read                          |  out|    1|     ap_fifo|                imgG|       pointer|
|imgG_num_data_valid                |   in|    3|     ap_fifo|                imgG|       pointer|
|imgG_fifo_cap                      |   in|    3|     ap_fifo|                imgG|       pointer|
|imgRB_din                          |  out|   24|     ap_fifo|               imgRB|       pointer|
|imgRB_full_n                       |   in|    1|     ap_fifo|               imgRB|       pointer|
|imgRB_write                        |  out|    1|     ap_fifo|               imgRB|       pointer|
|imgRB_num_data_valid               |   in|   32|     ap_fifo|               imgRB|       pointer|
|imgRB_fifo_cap                     |   in|   32|     ap_fifo|               imgRB|       pointer|
|height_val4_dout                   |   in|   11|     ap_fifo|         height_val4|       pointer|
|height_val4_empty_n                |   in|    1|     ap_fifo|         height_val4|       pointer|
|height_val4_read                   |  out|    1|     ap_fifo|         height_val4|       pointer|
|height_val4_num_data_valid         |   in|    3|     ap_fifo|         height_val4|       pointer|
|height_val4_fifo_cap               |   in|    3|     ap_fifo|         height_val4|       pointer|
|width_val8_dout                    |   in|   11|     ap_fifo|          width_val8|       pointer|
|width_val8_empty_n                 |   in|    1|     ap_fifo|          width_val8|       pointer|
|width_val8_read                    |  out|    1|     ap_fifo|          width_val8|       pointer|
|width_val8_num_data_valid          |   in|    3|     ap_fifo|          width_val8|       pointer|
|width_val8_fifo_cap                |   in|    3|     ap_fifo|          width_val8|       pointer|
|bayerPhase_val11_dout              |   in|   16|     ap_fifo|    bayerPhase_val11|       pointer|
|bayerPhase_val11_empty_n           |   in|    1|     ap_fifo|    bayerPhase_val11|       pointer|
|bayerPhase_val11_read              |  out|    1|     ap_fifo|    bayerPhase_val11|       pointer|
|bayerPhase_val11_num_data_valid    |   in|    3|     ap_fifo|    bayerPhase_val11|       pointer|
|bayerPhase_val11_fifo_cap          |   in|    3|     ap_fifo|    bayerPhase_val11|       pointer|
|height_val4_c_din                  |  out|   11|     ap_fifo|       height_val4_c|       pointer|
|height_val4_c_full_n               |   in|    1|     ap_fifo|       height_val4_c|       pointer|
|height_val4_c_write                |  out|    1|     ap_fifo|       height_val4_c|       pointer|
|height_val4_c_num_data_valid       |   in|    3|     ap_fifo|       height_val4_c|       pointer|
|height_val4_c_fifo_cap             |   in|    3|     ap_fifo|       height_val4_c|       pointer|
|width_val8_c_din                   |  out|   11|     ap_fifo|        width_val8_c|       pointer|
|width_val8_c_full_n                |   in|    1|     ap_fifo|        width_val8_c|       pointer|
|width_val8_c_write                 |  out|    1|     ap_fifo|        width_val8_c|       pointer|
|width_val8_c_num_data_valid        |   in|    3|     ap_fifo|        width_val8_c|       pointer|
|width_val8_c_fifo_cap              |   in|    3|     ap_fifo|        width_val8_c|       pointer|
|bayerPhase_val11_c_din             |  out|   16|     ap_fifo|  bayerPhase_val11_c|       pointer|
|bayerPhase_val11_c_full_n          |   in|    1|     ap_fifo|  bayerPhase_val11_c|       pointer|
|bayerPhase_val11_c_write           |  out|    1|     ap_fifo|  bayerPhase_val11_c|       pointer|
|bayerPhase_val11_c_num_data_valid  |   in|    3|     ap_fifo|  bayerPhase_val11_c|       pointer|
|bayerPhase_val11_c_fifo_cap        |   in|    3|     ap_fifo|  bayerPhase_val11_c|       pointer|
+-----------------------------------+-----+-----+------------+--------------------+--------------+

