

================================================================
== Vitis HLS Report for 'MultiPixStream2AXIvideo'
================================================================
* Date:           Tue Apr  7 16:03:12 2026

* Version:        2025.2 (Build 6295257 on Nov 12 2025)
* Project:        prj
* Solution:       sol (Vivado IP Flow Target)
* Product family: zynquplus
* Target device:  xczu3eg-sfvc784-2-e


================================================================
== Performance Estimates
================================================================
+ Timing: 
    * Summary: 
    +--------+---------+----------+------------+
    |  Clock |  Target | Estimated| Uncertainty|
    +--------+---------+----------+------------+
    |ap_clk  |  6.73 ns|  2.313 ns|     1.82 ns|
    +--------+---------+----------+------------+

+ Latency: 
    * Summary: 
    +---------+---------+-----------+-----------+-----+---------+---------+
    |  Latency (cycles) |   Latency (absolute)  |    Interval   | Pipeline|
    |   min   |   max   |    min    |    max    | min |   max   |   Type  |
    +---------+---------+-----------+-----------+-----+---------+---------+
    |        2|  2079002|  13.468 ns|  14.000 ms|    2|  2079002|       no|
    +---------+---------+-----------+-----------+-----+---------+---------+

    + Detail: 
        * Instance: 
        +-------------------------------------------------------------+---------------------------------------------------+---------+---------+-----------+-----------+-----+-----+-------------------+
        |                                                             |                                                   |  Latency (cycles) |   Latency (absolute)  |  Interval |      Pipeline     |
        |                           Instance                          |                       Module                      |   min   |   max   |    min    |    max    | min | max |        Type       |
        +-------------------------------------------------------------+---------------------------------------------------+---------+---------+-----------+-----------+-----+-----+-------------------+
        |grp_MultiPixStream2AXIvideo_Pipeline_VITIS_LOOP_230_2_fu_90  |MultiPixStream2AXIvideo_Pipeline_VITIS_LOOP_230_2  |        3|     1923|  20.202 ns|  12.949 us|    0|    0|  loop pipeline stp|
        +-------------------------------------------------------------+---------------------------------------------------+---------+---------+-----------+-----------+-----+-----+-------------------+

        * Loop: 
        +--------------------+---------+---------+----------+-----------+-----------+----------+----------+
        |                    |  Latency (cycles) | Iteration|  Initiation Interval  |   Trip   |          |
        |      Loop Name     |   min   |   max   |  Latency |  achieved |   target  |   Count  | Pipelined|
        +--------------------+---------+---------+----------+-----------+-----------+----------+----------+
        |- VITIS_LOOP_228_1  |        0|  2079000|  5 ~ 1925|          -|          -|  0 ~ 1080|        no|
        +--------------------+---------+---------+----------+-----------+-----------+----------+----------+



================================================================
== Utilization Estimates
================================================================
* Summary: 
+-----------------+---------+-----+--------+-------+-----+
|       Name      | BRAM_18K| DSP |   FF   |  LUT  | URAM|
+-----------------+---------+-----+--------+-------+-----+
|DSP              |        -|    -|       -|      -|    -|
|Expression       |        -|    -|       0|     79|    -|
|FIFO             |        -|    -|       -|      -|    -|
|Instance         |        -|    -|      18|    126|    -|
|Memory           |        -|    -|       -|      -|    -|
|Multiplexer      |        -|    -|       0|    116|    -|
|Register         |        -|    -|      88|      -|    -|
+-----------------+---------+-----+--------+-------+-----+
|Total            |        0|    0|     106|    321|    0|
+-----------------+---------+-----+--------+-------+-----+
|Available        |      432|  360|  141120|  70560|    0|
+-----------------+---------+-----+--------+-------+-----+
|Utilization (%)  |        0|    0|      ~0|     ~0|    0|
+-----------------+---------+-----+--------+-------+-----+

+ Detail: 
    * Instance: 
    +-------------------------------------------------------------+---------------------------------------------------+---------+----+----+-----+-----+
    |                           Instance                          |                       Module                      | BRAM_18K| DSP| FF | LUT | URAM|
    +-------------------------------------------------------------+---------------------------------------------------+---------+----+----+-----+-----+
    |grp_MultiPixStream2AXIvideo_Pipeline_VITIS_LOOP_230_2_fu_90  |MultiPixStream2AXIvideo_Pipeline_VITIS_LOOP_230_2  |        0|   0|  18|  126|    0|
    +-------------------------------------------------------------+---------------------------------------------------+---------+----+----+-----+-----+
    |Total                                                        |                                                   |        0|   0|  18|  126|    0|
    +-------------------------------------------------------------+---------------------------------------------------+---------+----+----+-----+-----+

    * DSP: 
    N/A

    * Memory: 
    N/A

    * FIFO: 
    N/A

    * Expression: 
    +---------------------------------------------------------------------------------+----------+----+---+----+------------+------------+
    |                                  Variable Name                                  | Operation| DSP| FF| LUT| Bitwidth P0| Bitwidth P1|
    +---------------------------------------------------------------------------------+----------+----+---+----+------------+------------+
    |add_ln240_fu_126_p2                                                              |         +|   0|  0|  19|          12|           2|
    |i_2_fu_151_p2                                                                    |         +|   0|  0|  18|          11|           1|
    |and_ln228_fu_157_p2                                                              |       and|   0|  0|   2|           1|           1|
    |grp_MultiPixStream2AXIvideo_Pipeline_VITIS_LOOP_230_2_fu_90_m_axis_video_TREADY  |       and|   0|  0|   2|           1|           1|
    |icmp_ln228_1_fu_146_p2                                                           |      icmp|   0|  0|  18|          11|          11|
    |icmp_ln228_fu_132_p2                                                             |      icmp|   0|  0|  18|          11|           1|
    |ap_block_state1                                                                  |        or|   0|  0|   2|           1|           1|
    +---------------------------------------------------------------------------------+----------+----+---+----+------------+------------+
    |Total                                                                            |          |   0|  0|  79|          48|          18|
    +---------------------------------------------------------------------------------+----------+----+---+----+------------+------------+

    * Multiplexer: 
    +---------------------------------+----+-----------+-----+-----------+
    |               Name              | LUT| Input Size| Bits| Total Bits|
    +---------------------------------+----+-----------+-----+-----------+
    |ap_NS_fsm                        |  26|          5|    1|          5|
    |ap_done                          |   9|          2|    1|          2|
    |i_fu_62                          |   9|          2|   11|         22|
    |m_axis_video_TDATA_int_regslice  |   9|          2|   24|         48|
    |m_axis_video_TDEST_int_regslice  |   9|          2|    1|          2|
    |m_axis_video_TID_int_regslice    |   9|          2|    1|          2|
    |m_axis_video_TKEEP_int_regslice  |   9|          2|    3|          6|
    |m_axis_video_TLAST_int_regslice  |   9|          2|    1|          2|
    |m_axis_video_TSTRB_int_regslice  |   9|          2|    3|          6|
    |m_axis_video_TUSER_int_regslice  |   9|          2|    1|          2|
    |sof_reg_78                       |   9|          2|    1|          2|
    +---------------------------------+----+-----------+-----+-----------+
    |Total                            | 116|         25|   48|         99|
    +---------------------------------+----+-----------+-----+-----------+

    * Register: 
    +--------------------------------------------------------------------------+----+----+-----+-----------+
    |                                   Name                                   | FF | LUT| Bits| Const Bits|
    +--------------------------------------------------------------------------+----+----+-----+-----------+
    |add_ln240_reg_184                                                         |  12|   0|   12|          0|
    |and_ln228_reg_197                                                         |   1|   0|    1|          0|
    |ap_CS_fsm                                                                 |   4|   0|    4|          0|
    |ap_done_reg                                                               |   1|   0|    1|          0|
    |empty_129_reg_179                                                         |  11|   0|   11|          0|
    |empty_reg_174                                                             |  11|   0|   11|          0|
    |grp_MultiPixStream2AXIvideo_Pipeline_VITIS_LOOP_230_2_fu_90_ap_start_reg  |   1|   0|    1|          0|
    |i_fu_62                                                                   |  11|   0|   11|          0|
    |icmp_ln228_reg_189                                                        |   1|   0|    1|          0|
    |m_axis_video_TDATA_reg                                                    |  24|   0|   24|          0|
    |m_axis_video_TDEST_reg                                                    |   1|   0|    1|          0|
    |m_axis_video_TID_reg                                                      |   1|   0|    1|          0|
    |m_axis_video_TKEEP_reg                                                    |   3|   0|    3|          0|
    |m_axis_video_TLAST_reg                                                    |   1|   0|    1|          0|
    |m_axis_video_TSTRB_reg                                                    |   3|   0|    3|          0|
    |m_axis_video_TUSER_reg                                                    |   1|   0|    1|          0|
    |sof_reg_78                                                                |   1|   0|    1|          0|
    +--------------------------------------------------------------------------+----+----+-----+-----------+
    |Total                                                                     |  88|   0|   88|          0|
    +--------------------------------------------------------------------------+----+----+-----+-----------+



================================================================
== Interface
================================================================
* Summary: 
+-------------------------+-----+-----+------------+-------------------------+--------------+
|        RTL Ports        | Dir | Bits|  Protocol  |      Source Object      |    C Type    |
+-------------------------+-----+-----+------------+-------------------------+--------------+
|ap_clk                   |   in|    1|  ap_ctrl_hs|  MultiPixStream2AXIvideo|  return value|
|ap_rst                   |   in|    1|  ap_ctrl_hs|  MultiPixStream2AXIvideo|  return value|
|ap_start                 |   in|    1|  ap_ctrl_hs|  MultiPixStream2AXIvideo|  return value|
|ap_done                  |  out|    1|  ap_ctrl_hs|  MultiPixStream2AXIvideo|  return value|
|ap_continue              |   in|    1|  ap_ctrl_hs|  MultiPixStream2AXIvideo|  return value|
|ap_idle                  |  out|    1|  ap_ctrl_hs|  MultiPixStream2AXIvideo|  return value|
|ap_ready                 |  out|    1|  ap_ctrl_hs|  MultiPixStream2AXIvideo|  return value|
|imgUnzip_dout            |   in|   24|     ap_fifo|                 imgUnzip|       pointer|
|imgUnzip_empty_n         |   in|    1|     ap_fifo|                 imgUnzip|       pointer|
|imgUnzip_read            |  out|    1|     ap_fifo|                 imgUnzip|       pointer|
|imgUnzip_num_data_valid  |   in|    3|     ap_fifo|                 imgUnzip|       pointer|
|imgUnzip_fifo_cap        |   in|    3|     ap_fifo|                 imgUnzip|       pointer|
|m_axis_video_TDATA       |  out|   24|        axis|    m_axis_video_V_data_V|       pointer|
|m_axis_video_TVALID      |  out|    1|        axis|    m_axis_video_V_dest_V|       pointer|
|m_axis_video_TREADY      |   in|    1|        axis|    m_axis_video_V_dest_V|       pointer|
|m_axis_video_TDEST       |  out|    1|        axis|    m_axis_video_V_dest_V|       pointer|
|m_axis_video_TKEEP       |  out|    3|        axis|    m_axis_video_V_keep_V|       pointer|
|m_axis_video_TSTRB       |  out|    3|        axis|    m_axis_video_V_strb_V|       pointer|
|m_axis_video_TUSER       |  out|    1|        axis|    m_axis_video_V_user_V|       pointer|
|m_axis_video_TLAST       |  out|    1|        axis|    m_axis_video_V_last_V|       pointer|
|m_axis_video_TID         |  out|    1|        axis|      m_axis_video_V_id_V|       pointer|
|Height_val               |   in|   16|     ap_none|               Height_val|        scalar|
|WidthOut_val             |   in|   16|     ap_none|             WidthOut_val|        scalar|
+-------------------------+-----+-----+------------+-------------------------+--------------+

