

================================================================
== Vitis HLS Report for 'v_demosaic'
================================================================
* Date:           Tue Apr  7 16:03:13 2026

* Version:        2025.2 (Build 6295257 on Nov 12 2025)
* Project:        prj
* Solution:       sol (Vivado IP Flow Target)
* Product family: zynquplus
* Target device:  xczu3eg-sfvc784-2-e


================================================================
== Performance Estimates
================================================================
+ Timing: 
    * Summary: 
    +--------+---------+----------+------------+
    |  Clock |  Target | Estimated| Uncertainty|
    +--------+---------+----------+------------+
    |ap_clk  |  6.73 ns|  4.802 ns|     1.82 ns|
    +--------+---------+----------+------------+

+ Latency: 
    * Summary: 
    +---------+---------+----------+----------+-----+-----+----------+
    |  Latency (cycles) |  Latency (absolute) |  Interval | Pipeline |
    |   min   |   max   |    min   |    max   | min | max |   Type   |
    +---------+---------+----------+----------+-----+-----+----------+
    |        ?|        ?|         ?|         ?|    ?|    ?|  dataflow|
    +---------+---------+----------+----------+-----+-----+----------+

    + Detail: 
        * Instance: 
        +----------------------------+-------------------------+---------+------------+-----------+------------+-----+------------+----------+
        |                            |                         |   Latency (cycles)   |   Latency (absolute)   |     Interval     | Pipeline |
        |          Instance          |          Module         |   min   |     max    |    min    |     max    | min |     max    |   Type   |
        +----------------------------+-------------------------+---------+------------+-----------+------------+-----+------------+----------+
        |entry_proc_U0               |entry_proc               |        0|           0|       0 ns|        0 ns|    0|           0|        no|
        |AXIvideo2MultiBayer_U0      |AXIvideo2MultiBayer      |        ?|           ?|          ?|           ?|    ?|           ?|        no|
        |Debayer_U0                  |Debayer                  |    65574|  4296015888|   0.442 ms|  28.929 sec|   34|  4296015889|  dataflow|
        |ZipperRemoval_U0            |ZipperRemoval            |        1|  4295360506|   6.734 ns|  28.925 sec|    1|  4295360506|        no|
        |MultiPixStream2AXIvideo_U0  |MultiPixStream2AXIvideo  |        2|     2079002|  13.468 ns|   14.000 ms|    2|     2079002|        no|
        +----------------------------+-------------------------+---------+------------+-----------+------------+-----+------------+----------+

        * Loop: 
        N/A



================================================================
== Utilization Estimates
================================================================
* Summary: 
+-----------------+---------+-----+--------+-------+-----+
|       Name      | BRAM_18K| DSP |   FF   |  LUT  | URAM|
+-----------------+---------+-----+--------+-------+-----+
|DSP              |        -|    -|       -|      -|    -|
|Expression       |        -|    -|       0|     12|    -|
|FIFO             |        -|    -|     396|    268|    -|
|Instance         |       22|    8|    6853|  10178|    0|
|Memory           |        -|    -|       -|      -|    -|
|Multiplexer      |        -|    -|       0|     18|    -|
|Register         |        -|    -|       2|      -|    -|
+-----------------+---------+-----+--------+-------+-----+
|Total            |       22|    8|    7251|  10476|    0|
+-----------------+---------+-----+--------+-------+-----+
|Available        |      432|  360|  141120|  70560|    0|
+-----------------+---------+-----+--------+-------+-----+
|Utilization (%)  |        5|    2|       5|     14|    0|
+-----------------+---------+-----+--------+-------+-----+

+ Detail: 
    * Instance: 
    +----------------------------+-------------------------+---------+----+------+------+-----+
    |          Instance          |          Module         | BRAM_18K| DSP|  FF  |  LUT | URAM|
    +----------------------------+-------------------------+---------+----+------+------+-----+
    |AXIvideo2MultiBayer_U0      |AXIvideo2MultiBayer      |        0|   0|   127|   442|    0|
    |CTRL_s_axi_U                |CTRL_s_axi               |        0|   0|   102|   136|    0|
    |Debayer_U0                  |Debayer                  |       22|   8|  6183|  8534|    0|
    |MultiPixStream2AXIvideo_U0  |MultiPixStream2AXIvideo  |        0|   0|   106|   321|    0|
    |ZipperRemoval_U0            |ZipperRemoval            |        0|   0|   332|   716|    0|
    |entry_proc_U0               |entry_proc               |        0|   0|     3|    29|    0|
    +----------------------------+-------------------------+---------+----+------+------+-----+
    |Total                       |                         |       22|   8|  6853| 10178|    0|
    +----------------------------+-------------------------+---------+----+------+------+-----+

    * DSP: 
    N/A

    * Memory: 
    N/A

    * FIFO: 
    +-----------------+---------+----+----+-----+------+-----+---------+
    |       Name      | BRAM_18K| FF | LUT| URAM| Depth| Bits| Size:D*B|
    +-----------------+---------+----+----+-----+------+-----+---------+
    |bayer_phase_c_U  |        0|  99|   0|    -|     3|   16|       48|
    |imgBayer_U       |        0|  99|   0|    -|     2|    8|       16|
    |imgRgb_U         |        0|  99|   0|    -|     2|   24|       48|
    |imgUnzip_U       |        0|  99|   0|    -|     2|   24|       48|
    +-----------------+---------+----+----+-----+------+-----+---------+
    |Total            |        0| 396|   0|    0|     9|   72|      160|
    +-----------------+---------+----+----+-----+------+-----+---------+

    * Expression: 
    +-----------------------------------------+----------+----+---+----+------------+------------+
    |              Variable Name              | Operation| DSP| FF| LUT| Bitwidth P0| Bitwidth P1|
    +-----------------------------------------+----------+----+---+----+------------+------------+
    |AXIvideo2MultiBayer_U0_ap_start          |       and|   0|  0|   2|           1|           1|
    |ap_idle                                  |       and|   0|  0|   2|           1|           1|
    |ap_sync_ready                            |       and|   0|  0|   2|           1|           1|
    |entry_proc_U0_ap_start                   |       and|   0|  0|   2|           1|           1|
    |ap_sync_AXIvideo2MultiBayer_U0_ap_ready  |        or|   0|  0|   2|           1|           1|
    |ap_sync_entry_proc_U0_ap_ready           |        or|   0|  0|   2|           1|           1|
    +-----------------------------------------+----------+----+---+----+------------+------------+
    |Total                                    |          |   0|  0|  12|           6|           6|
    +-----------------------------------------+----------+----+---+----+------------+------------+

    * Multiplexer: 
    +---------------------------------------------+----+-----------+-----+-----------+
    |                     Name                    | LUT| Input Size| Bits| Total Bits|
    +---------------------------------------------+----+-----------+-----+-----------+
    |ap_sync_reg_AXIvideo2MultiBayer_U0_ap_ready  |   9|          2|    1|          2|
    |ap_sync_reg_entry_proc_U0_ap_ready           |   9|          2|    1|          2|
    +---------------------------------------------+----+-----------+-----+-----------+
    |Total                                        |  18|          4|    2|          4|
    +---------------------------------------------+----+-----------+-----+-----------+

    * Register: 
    +---------------------------------------------+---+----+-----+-----------+
    |                     Name                    | FF| LUT| Bits| Const Bits|
    +---------------------------------------------+---+----+-----+-----------+
    |ap_sync_reg_AXIvideo2MultiBayer_U0_ap_ready  |  1|   0|    1|          0|
    |ap_sync_reg_entry_proc_U0_ap_ready           |  1|   0|    1|          0|
    +---------------------------------------------+---+----+-----+-----------+
    |Total                                        |  2|   0|    2|          0|
    +---------------------------------------------+---+----+-----+-----------+



================================================================
== Interface
================================================================
* Summary: 
+---------------------+-----+-----+------------+-----------------------+--------------+
|      RTL Ports      | Dir | Bits|  Protocol  |     Source Object     |    C Type    |
+---------------------+-----+-----+------------+-----------------------+--------------+
|s_axi_CTRL_AWVALID   |   in|    1|       s_axi|                   CTRL|        scalar|
|s_axi_CTRL_AWREADY   |  out|    1|       s_axi|                   CTRL|        scalar|
|s_axi_CTRL_AWADDR    |   in|    6|       s_axi|                   CTRL|        scalar|
|s_axi_CTRL_WVALID    |   in|    1|       s_axi|                   CTRL|        scalar|
|s_axi_CTRL_WREADY    |  out|    1|       s_axi|                   CTRL|        scalar|
|s_axi_CTRL_WDATA     |   in|   32|       s_axi|                   CTRL|        scalar|
|s_axi_CTRL_WSTRB     |   in|    4|       s_axi|                   CTRL|        scalar|
|s_axi_CTRL_ARVALID   |   in|    1|       s_axi|                   CTRL|        scalar|
|s_axi_CTRL_ARREADY   |  out|    1|       s_axi|                   CTRL|        scalar|
|s_axi_CTRL_ARADDR    |   in|    6|       s_axi|                   CTRL|        scalar|
|s_axi_CTRL_RVALID    |  out|    1|       s_axi|                   CTRL|        scalar|
|s_axi_CTRL_RREADY    |   in|    1|       s_axi|                   CTRL|        scalar|
|s_axi_CTRL_RDATA     |  out|   32|       s_axi|                   CTRL|        scalar|
|s_axi_CTRL_RRESP     |  out|    2|       s_axi|                   CTRL|        scalar|
|s_axi_CTRL_BVALID    |  out|    1|       s_axi|                   CTRL|        scalar|
|s_axi_CTRL_BREADY    |   in|    1|       s_axi|                   CTRL|        scalar|
|s_axi_CTRL_BRESP     |  out|    2|       s_axi|                   CTRL|        scalar|
|ap_clk               |   in|    1|  ap_ctrl_hs|             v_demosaic|  return value|
|ap_rst_n             |   in|    1|  ap_ctrl_hs|             v_demosaic|  return value|
|interrupt            |  out|    1|  ap_ctrl_hs|             v_demosaic|  return value|
|s_axis_video_TDATA   |   in|    8|        axis|  s_axis_video_V_data_V|       pointer|
|s_axis_video_TKEEP   |   in|    1|        axis|  s_axis_video_V_keep_V|       pointer|
|s_axis_video_TSTRB   |   in|    1|        axis|  s_axis_video_V_strb_V|       pointer|
|s_axis_video_TUSER   |   in|    1|        axis|  s_axis_video_V_user_V|       pointer|
|s_axis_video_TLAST   |   in|    1|        axis|  s_axis_video_V_last_V|       pointer|
|s_axis_video_TID     |   in|    1|        axis|    s_axis_video_V_id_V|       pointer|
|s_axis_video_TDEST   |   in|    1|        axis|  s_axis_video_V_dest_V|       pointer|
|s_axis_video_TVALID  |   in|    1|        axis|  s_axis_video_V_dest_V|       pointer|
|s_axis_video_TREADY  |  out|    1|        axis|  s_axis_video_V_dest_V|       pointer|
|m_axis_video_TDATA   |  out|   24|        axis|  m_axis_video_V_data_V|       pointer|
|m_axis_video_TKEEP   |  out|    3|        axis|  m_axis_video_V_keep_V|       pointer|
|m_axis_video_TSTRB   |  out|    3|        axis|  m_axis_video_V_strb_V|       pointer|
|m_axis_video_TUSER   |  out|    1|        axis|  m_axis_video_V_user_V|       pointer|
|m_axis_video_TLAST   |  out|    1|        axis|  m_axis_video_V_last_V|       pointer|
|m_axis_video_TID     |  out|    1|        axis|    m_axis_video_V_id_V|       pointer|
|m_axis_video_TDEST   |  out|    1|        axis|  m_axis_video_V_dest_V|       pointer|
|m_axis_video_TVALID  |  out|    1|        axis|  m_axis_video_V_dest_V|       pointer|
|m_axis_video_TREADY  |   in|    1|        axis|  m_axis_video_V_dest_V|       pointer|
+---------------------+-----+-----+------------+-----------------------+--------------+

