

================================================================
== Vitis HLS Report for 'ZipperRemoval_Pipeline_VITIS_LOOP_1101_2'
================================================================
* Date:           Tue Apr  7 16:03:10 2026

* Version:        2025.2 (Build 6295257 on Nov 12 2025)
* Project:        prj
* Solution:       sol (Vivado IP Flow Target)
* Product family: zynquplus
* Target device:  xczu3eg-sfvc784-2-e


================================================================
== Performance Estimates
================================================================
+ Timing: 
    * Summary: 
    +--------+---------+----------+------------+
    |  Clock |  Target | Estimated| Uncertainty|
    +--------+---------+----------+------------+
    |ap_clk  |  6.73 ns|  3.301 ns|     1.82 ns|
    +--------+---------+----------+------------+

+ Latency: 
    * Summary: 
    +---------+---------+-----------+----------+-----+-----+-------------------+
    |  Latency (cycles) |  Latency (absolute)  |  Interval |      Pipeline     |
    |   min   |   max   |    min    |    max   | min | max |        Type       |
    +---------+---------+-----------+----------+-----+-----+-------------------+
    |        5|    65540|  33.670 ns|  0.441 ms|    0|    0|  loop pipeline stp|
    +---------+---------+-----------+----------+-----+-----+-------------------+

    + Detail: 
        * Instance: 
        N/A

        * Loop: 
        +---------------------+---------+---------+----------+-----------+-----------+-----------+----------+
        |                     |  Latency (cycles) | Iteration|  Initiation Interval  |    Trip   |          |
        |      Loop Name      |   min   |   max   |  Latency |  achieved |   target  |   Count   | Pipelined|
        +---------------------+---------+---------+----------+-----------+-----------+-----------+----------+
        |- VITIS_LOOP_1101_2  |        3|    65538|         4|          1|          1|  1 ~ 65536|       yes|
        +---------------------+---------+---------+----------+-----------+-----------+-----------+----------+



================================================================
== Utilization Estimates
================================================================
* Summary: 
+-----------------+---------+-----+--------+-------+-----+
|       Name      | BRAM_18K| DSP |   FF   |  LUT  | URAM|
+-----------------+---------+-----+--------+-------+-----+
|DSP              |        -|    -|       -|      -|    -|
|Expression       |        -|    -|       0|    347|    -|
|FIFO             |        -|    -|       -|      -|    -|
|Instance         |        -|    -|       -|      -|    -|
|Memory           |        -|    -|       -|      -|    -|
|Multiplexer      |        -|    -|       0|    140|    -|
|Register         |        -|    -|     170|     32|    -|
+-----------------+---------+-----+--------+-------+-----+
|Total            |        0|    0|     170|    519|    0|
+-----------------+---------+-----+--------+-------+-----+
|Available        |      432|  360|  141120|  70560|    0|
+-----------------+---------+-----+--------+-------+-----+
|Utilization (%)  |        0|    0|      ~0|     ~0|    0|
+-----------------+---------+-----+--------+-------+-----+

+ Detail: 
    * Instance: 
    N/A

    * DSP: 
    N/A

    * Memory: 
    N/A

    * FIFO: 
    N/A

    * Expression: 
    +---------------------------------------+----------+----+---+----+------------+------------+
    |             Variable Name             | Operation| DSP| FF| LUT| Bitwidth P0| Bitwidth P1|
    +---------------------------------------+----------+----+---+----+------------+------------+
    |add_ln1129_1_fu_395_p2                 |         +|   0|  0|  19|           8|           8|
    |add_ln1129_fu_385_p2                   |         +|   0|  0|  14|           7|           7|
    |add_ln1147_1_fu_494_p2                 |         +|   0|  0|  17|          10|          10|
    |add_ln1147_fu_484_p2                   |         +|   0|  0|  16|           9|           9|
    |add_ln1148_1_fu_539_p2                 |         +|   0|  0|  17|          10|          10|
    |add_ln1148_fu_529_p2                   |         +|   0|  0|  16|           9|           9|
    |add_ln1149_1_fu_584_p2                 |         +|   0|  0|  17|          10|          10|
    |add_ln1149_fu_574_p2                   |         +|   0|  0|  16|           9|           9|
    |lum_fu_401_p2                          |         +|   0|  0|  19|           8|           8|
    |x_2_fu_223_p2                          |         +|   0|  0|  24|          17|           1|
    |and_ln1144_1_fu_459_p2                 |       and|   0|  0|   2|           1|           1|
    |and_ln1144_fu_435_p2                   |       and|   0|  0|   2|           1|           1|
    |ap_block_state2_pp0_stage0_iter1_grp1  |       and|   0|  0|   2|           1|           1|
    |ap_block_state4_pp0_stage0_iter3_grp1  |       and|   0|  0|   2|           1|           1|
    |ap_condition_530                       |       and|   0|  0|   2|           1|           1|
    |ap_predicate_op40_read_state2          |       and|   0|  0|   2|           1|           1|
    |icmp_ln1101_fu_217_p2                  |      icmp|   0|  0|  24|          17|          17|
    |icmp_ln1107_fu_229_p2                  |      icmp|   0|  0|  24|          17|          17|
    |icmp_ln1144_1_fu_423_p2                |      icmp|   0|  0|  12|           5|           5|
    |icmp_ln1144_2_fu_441_p2                |      icmp|   0|  0|  15|           8|           8|
    |icmp_ln1144_3_fu_453_p2                |      icmp|   0|  0|  12|           5|           5|
    |icmp_ln1144_fu_417_p2                  |      icmp|   0|  0|  15|           8|           8|
    |icmp_ln1159_fu_235_p2                  |      icmp|   0|  0|  24|          17|           1|
    |ap_block_pp0_stage0_01001_grp1         |        or|   0|  0|   2|           1|           1|
    |or_ln1144_fu_600_p2                    |        or|   0|  0|   2|           1|           1|
    |conv3_i_i188706_fu_620_p3              |    select|   0|  0|   8|           1|           8|
    |conv3_i_i708_fu_606_p3                 |    select|   0|  0|   8|           1|           8|
    |conv3_i_i79707_fu_613_p3               |    select|   0|  0|   8|           1|           8|
    |ap_enable_pp0                          |       xor|   0|  0|   2|           1|           2|
    |xor_ln1144_1_fu_447_p2                 |       xor|   0|  0|   2|           1|           2|
    |xor_ln1144_fu_429_p2                   |       xor|   0|  0|   2|           1|           2|
    +---------------------------------------+----------+----+---+----+------------+------------+
    |Total                                  |          |   0|  0| 347|         188|         180|
    +---------------------------------------+----------+----+---+----+------------+------------+

    * Multiplexer: 
    +-------------------------+----+-----------+-----+-----------+
    |           Name          | LUT| Input Size| Bits| Total Bits|
    +-------------------------+----+-----------+-----+-----------+
    |ap_done_int              |   9|          2|    1|          2|
    |ap_enable_reg_pp0_iter2  |   9|          2|    1|          2|
    |ap_sig_allocacmp_x_1     |   9|          2|   17|         34|
    |imgRgb_blk_n             |   9|          2|    1|          2|
    |imgUnzip_blk_n           |   9|          2|    1|          2|
    |p_0_0_0504_1696_out_o    |   9|          2|    8|         16|
    |p_0_0_0504_1704_fu_126   |   9|          2|    8|         16|
    |p_0_0_0505_1695_out_o    |   9|          2|    8|         16|
    |p_0_0_0505_1701_fu_122   |   9|          2|    8|         16|
    |p_0_0_0506_1694_out_o    |   9|          2|    8|         16|
    |p_0_0_0506_1698_fu_118   |   9|          2|    8|         16|
    |p_0_0_0507_1693_out_o    |   9|          2|    8|         16|
    |p_0_0_0507_1697_fu_114   |   9|          2|    5|         10|
    |phi_ln1132_out           |  14|          3|    5|         15|
    |x_fu_110                 |   9|          2|   17|         34|
    +-------------------------+----+-----------+-----+-----------+
    |Total                    | 140|         31|  104|        213|
    +-------------------------+----+-----------+-----+-----------+

    * Register: 
    +-------------------------------------------+----+----+-----+-----------+
    |                    Name                   | FF | LUT| Bits| Const Bits|
    +-------------------------------------------+----+----+-----+-----------+
    |ap_CS_fsm                                  |   1|   0|    1|          0|
    |ap_block_pp0_stage0_subdone_grp0_done_reg  |   1|   0|    1|          0|
    |ap_done_reg                                |   1|   0|    1|          0|
    |ap_enable_reg_pp0_iter1                    |   1|   0|    1|          0|
    |ap_enable_reg_pp0_iter2                    |   1|   0|    1|          0|
    |ap_enable_reg_pp0_iter3                    |   1|   0|    1|          0|
    |ap_loop_exit_ready_pp0_iter1_reg           |   1|   0|    1|          0|
    |ap_loop_exit_ready_pp0_iter2_reg           |   1|   0|    1|          0|
    |conv3_i_i188706_reg_767                    |   8|   0|    8|          0|
    |conv3_i_i708_reg_757                       |   8|   0|    8|          0|
    |conv3_i_i79707_reg_762                     |   8|   0|    8|          0|
    |icmp_ln1101_reg_721                        |   1|   0|    1|          0|
    |icmp_ln1101_reg_721_pp0_iter1_reg          |   1|   0|    1|          0|
    |icmp_ln1107_reg_725                        |   1|   0|    1|          0|
    |icmp_ln1159_reg_729                        |   1|   0|    1|          0|
    |p_0_0_0504_1704_fu_126                     |   8|   0|    8|          0|
    |p_0_0_0504_1704_load_reg_749               |   8|   0|    8|          0|
    |p_0_0_0505_1701_fu_122                     |   8|   0|    8|          0|
    |p_0_0_0505_1701_load_reg_741               |   8|   0|    8|          0|
    |p_0_0_0506_1698_fu_118                     |   8|   0|    8|          0|
    |p_0_0_0506_1698_load_reg_733               |   8|   0|    8|          0|
    |p_0_0_0507_1697_fu_114                     |   5|   0|    5|          0|
    |x_fu_110                                   |  17|   0|   17|          0|
    |icmp_ln1159_reg_729                        |  64|  32|    1|          0|
    +-------------------------------------------+----+----+-----+-----------+
    |Total                                      | 170|  32|  107|          0|
    +-------------------------------------------+----+----+-----+-----------+



================================================================
== Interface
================================================================
* Summary: 
+------------------------------+-----+-----+------------+------------------------------------------+--------------+
|           RTL Ports          | Dir | Bits|  Protocol  |               Source Object              |    C Type    |
+------------------------------+-----+-----+------------+------------------------------------------+--------------+
|ap_clk                        |   in|    1|  ap_ctrl_hs|  ZipperRemoval_Pipeline_VITIS_LOOP_1101_2|  return value|
|ap_rst                        |   in|    1|  ap_ctrl_hs|  ZipperRemoval_Pipeline_VITIS_LOOP_1101_2|  return value|
|ap_start                      |   in|    1|  ap_ctrl_hs|  ZipperRemoval_Pipeline_VITIS_LOOP_1101_2|  return value|
|ap_done                       |  out|    1|  ap_ctrl_hs|  ZipperRemoval_Pipeline_VITIS_LOOP_1101_2|  return value|
|ap_idle                       |  out|    1|  ap_ctrl_hs|  ZipperRemoval_Pipeline_VITIS_LOOP_1101_2|  return value|
|ap_ready                      |  out|    1|  ap_ctrl_hs|  ZipperRemoval_Pipeline_VITIS_LOOP_1101_2|  return value|
|imgRgb_dout                   |   in|   24|     ap_fifo|                                    imgRgb|       pointer|
|imgRgb_empty_n                |   in|    1|     ap_fifo|                                    imgRgb|       pointer|
|imgRgb_read                   |  out|    1|     ap_fifo|                                    imgRgb|       pointer|
|imgRgb_num_data_valid         |   in|    3|     ap_fifo|                                    imgRgb|       pointer|
|imgRgb_fifo_cap               |   in|    3|     ap_fifo|                                    imgRgb|       pointer|
|imgUnzip_din                  |  out|   24|     ap_fifo|                                  imgUnzip|       pointer|
|imgUnzip_full_n               |   in|    1|     ap_fifo|                                  imgUnzip|       pointer|
|imgUnzip_write                |  out|    1|     ap_fifo|                                  imgUnzip|       pointer|
|imgUnzip_num_data_valid       |   in|   32|     ap_fifo|                                  imgUnzip|       pointer|
|imgUnzip_fifo_cap             |   in|   32|     ap_fifo|                                  imgUnzip|       pointer|
|p_0_0_0501690_lcssa705729     |   in|    8|     ap_none|                 p_0_0_0501690_lcssa705729|        scalar|
|p_0_0_0502688_lcssa702727     |   in|    8|     ap_none|                 p_0_0_0502688_lcssa702727|        scalar|
|p_0_0_0503692_lcssa699726     |   in|    8|     ap_none|                 p_0_0_0503692_lcssa699726|        scalar|
|conv2_i_i_lcssa724            |   in|    5|     ap_none|                        conv2_i_i_lcssa724|        scalar|
|width_val                     |   in|   16|   ap_stable|                                 width_val|        scalar|
|loopWidth                     |   in|   17|   ap_stable|                                 loopWidth|        scalar|
|p_0_0_0504_1704_out           |  out|    8|      ap_vld|                       p_0_0_0504_1704_out|       pointer|
|p_0_0_0504_1704_out_ap_vld    |  out|    1|      ap_vld|                       p_0_0_0504_1704_out|       pointer|
|p_0_0_0505_1701_out           |  out|    8|      ap_vld|                       p_0_0_0505_1701_out|       pointer|
|p_0_0_0505_1701_out_ap_vld    |  out|    1|      ap_vld|                       p_0_0_0505_1701_out|       pointer|
|p_0_0_0506_1698_out           |  out|    8|      ap_vld|                       p_0_0_0506_1698_out|       pointer|
|p_0_0_0506_1698_out_ap_vld    |  out|    1|      ap_vld|                       p_0_0_0506_1698_out|       pointer|
|p_0_0_0504_1696_out_i         |   in|    8|     ap_ovld|                       p_0_0_0504_1696_out|       pointer|
|p_0_0_0504_1696_out_o         |  out|    8|     ap_ovld|                       p_0_0_0504_1696_out|       pointer|
|p_0_0_0504_1696_out_o_ap_vld  |  out|    1|     ap_ovld|                       p_0_0_0504_1696_out|       pointer|
|p_0_0_0505_1695_out_i         |   in|    8|     ap_ovld|                       p_0_0_0505_1695_out|       pointer|
|p_0_0_0505_1695_out_o         |  out|    8|     ap_ovld|                       p_0_0_0505_1695_out|       pointer|
|p_0_0_0505_1695_out_o_ap_vld  |  out|    1|     ap_ovld|                       p_0_0_0505_1695_out|       pointer|
|p_0_0_0506_1694_out_i         |   in|    8|     ap_ovld|                       p_0_0_0506_1694_out|       pointer|
|p_0_0_0506_1694_out_o         |  out|    8|     ap_ovld|                       p_0_0_0506_1694_out|       pointer|
|p_0_0_0506_1694_out_o_ap_vld  |  out|    1|     ap_ovld|                       p_0_0_0506_1694_out|       pointer|
|p_0_0_0507_1693_out_i         |   in|    8|     ap_ovld|                       p_0_0_0507_1693_out|       pointer|
|p_0_0_0507_1693_out_o         |  out|    8|     ap_ovld|                       p_0_0_0507_1693_out|       pointer|
|p_0_0_0507_1693_out_o_ap_vld  |  out|    1|     ap_ovld|                       p_0_0_0507_1693_out|       pointer|
|phi_ln1132_out                |  out|    5|      ap_vld|                            phi_ln1132_out|       pointer|
|phi_ln1132_out_ap_vld         |  out|    1|      ap_vld|                            phi_ln1132_out|       pointer|
+------------------------------+-----+-----+------------+------------------------------------------+--------------+

