

================================================================
== Vitis HLS Report for 'ZipperRemoval'
================================================================
* Date:           Tue Apr  7 16:03:11 2026

* Version:        2025.2 (Build 6295257 on Nov 12 2025)
* Project:        prj
* Solution:       sol (Vivado IP Flow Target)
* Product family: zynquplus
* Target device:  xczu3eg-sfvc784-2-e


================================================================
== Performance Estimates
================================================================
+ Timing: 
    * Summary: 
    +--------+---------+----------+------------+
    |  Clock |  Target | Estimated| Uncertainty|
    +--------+---------+----------+------------+
    |ap_clk  |  6.73 ns|  3.301 ns|     1.82 ns|
    +--------+---------+----------+------------+

+ Latency: 
    * Summary: 
    +---------+------------+----------+------------+-----+------------+---------+
    |   Latency (cycles)   |   Latency (absolute)  |     Interval     | Pipeline|
    |   min   |     max    |    min   |     max    | min |     max    |   Type  |
    +---------+------------+----------+------------+-----+------------+---------+
    |        1|  4295360506|  6.734 ns|  28.925 sec|    1|  4295360506|       no|
    +---------+------------+----------+------------+-----+------------+---------+

    + Detail: 
        * Instance: 
        +----------------------------------------------------+------------------------------------------+---------+---------+-----------+----------+-----+-----+-------------------+
        |                                                    |                                          |  Latency (cycles) |  Latency (absolute)  |  Interval |      Pipeline     |
        |                      Instance                      |                  Module                  |   min   |   max   |    min    |    max   | min | max |        Type       |
        +----------------------------------------------------+------------------------------------------+---------+---------+-----------+----------+-----+-----+-------------------+
        |grp_ZipperRemoval_Pipeline_VITIS_LOOP_1101_2_fu_94  |ZipperRemoval_Pipeline_VITIS_LOOP_1101_2  |        5|    65540|  33.670 ns|  0.441 ms|    0|    0|  loop pipeline stp|
        +----------------------------------------------------+------------------------------------------+---------+---------+-----------+----------+-----+-----+-------------------+

        * Loop: 
        +---------------------+---------+------------+-----------+-----------+-----------+-----------+----------+
        |                     |   Latency (cycles)   | Iteration |  Initiation Interval  |    Trip   |          |
        |      Loop Name      |   min   |     max    |  Latency  |  achieved |   target  |   Count   | Pipelined|
        +---------------------+---------+------------+-----------+-----------+-----------+-----------+----------+
        |- VITIS_LOOP_1099_1  |        0|  4295360505|  8 ~ 65543|          -|          -|  0 ~ 65535|        no|
        +---------------------+---------+------------+-----------+-----------+-----------+-----------+----------+



================================================================
== Utilization Estimates
================================================================
* Summary: 
+-----------------+---------+-----+--------+-------+-----+
|       Name      | BRAM_18K| DSP |   FF   |  LUT  | URAM|
+-----------------+---------+-----+--------+-------+-----+
|DSP              |        -|    -|       -|      -|    -|
|Expression       |        -|    -|       0|     72|    -|
|FIFO             |        -|    -|       -|      -|    -|
|Instance         |        -|    -|     170|    519|    -|
|Memory           |        -|    -|       -|      -|    -|
|Multiplexer      |        -|    -|       0|    125|    -|
|Register         |        -|    -|     162|      -|    -|
+-----------------+---------+-----+--------+-------+-----+
|Total            |        0|    0|     332|    716|    0|
+-----------------+---------+-----+--------+-------+-----+
|Available        |      432|  360|  141120|  70560|    0|
+-----------------+---------+-----+--------+-------+-----+
|Utilization (%)  |        0|    0|      ~0|      1|    0|
+-----------------+---------+-----+--------+-------+-----+

+ Detail: 
    * Instance: 
    +----------------------------------------------------+------------------------------------------+---------+----+-----+-----+-----+
    |                      Instance                      |                  Module                  | BRAM_18K| DSP|  FF | LUT | URAM|
    +----------------------------------------------------+------------------------------------------+---------+----+-----+-----+-----+
    |grp_ZipperRemoval_Pipeline_VITIS_LOOP_1101_2_fu_94  |ZipperRemoval_Pipeline_VITIS_LOOP_1101_2  |        0|   0|  170|  519|    0|
    +----------------------------------------------------+------------------------------------------+---------+----+-----+-----+-----+
    |Total                                               |                                          |        0|   0|  170|  519|    0|
    +----------------------------------------------------+------------------------------------------+---------+----+-----+-----+-----+

    * DSP: 
    N/A

    * Memory: 
    N/A

    * FIFO: 
    N/A

    * Expression: 
    +-----------------------+----------+----+---+----+------------+------------+
    |     Variable Name     | Operation| DSP| FF| LUT| Bitwidth P0| Bitwidth P1|
    +-----------------------+----------+----+---+----+------------+------------+
    |loopWidth_fu_120_p2    |         +|   0|  0|  24|          17|           1|
    |y_2_fu_179_p2          |         +|   0|  0|  23|          16|           1|
    |icmp_ln1099_fu_174_p2  |      icmp|   0|  0|  23|          16|          16|
    |ap_block_state1        |        or|   0|  0|   2|           1|           1|
    +-----------------------+----------+----+---+----+------------+------------+
    |Total                  |          |   0|  0|  72|          50|          19|
    +-----------------------+----------+----+---+----+------------+------------+

    * Multiplexer: 
    +---------------------------------+----+-----------+-----+-----------+
    |               Name              | LUT| Input Size| Bits| Total Bits|
    +---------------------------------+----+-----------+-----+-----------+
    |ap_NS_fsm                        |  26|          5|    1|          5|
    |ap_done                          |   9|          2|    1|          2|
    |conv2_i_i_lcssa724_fu_66         |   9|          2|    5|         10|
    |p_0_0_0501690_lcssa705729_fu_78  |   9|          2|    8|         16|
    |p_0_0_0502688_lcssa702727_fu_74  |   9|          2|    8|         16|
    |p_0_0_0503692_lcssa699726_fu_70  |   9|          2|    8|         16|
    |p_0_0_0504_1_lcssa722_fu_62      |   9|          2|    8|         16|
    |p_0_0_0505_1_lcssa720_fu_58      |   9|          2|    8|         16|
    |p_0_0_0506_1_lcssa718_fu_54      |   9|          2|    8|         16|
    |p_0_0_0507_1_lcssa716_fu_50      |   9|          2|    8|         16|
    |real_start                       |   9|          2|    1|          2|
    |y_fu_46                          |   9|          2|   16|         32|
    +---------------------------------+----+-----------+-----+-----------+
    |Total                            | 125|         27|   80|        163|
    +---------------------------------+----+-----------+-----+-----------+

    * Register: 
    +-----------------------------------------------------------------+----+----+-----+-----------+
    |                               Name                              | FF | LUT| Bits| Const Bits|
    +-----------------------------------------------------------------+----+----+-----+-----------+
    |ap_CS_fsm                                                        |   4|   0|    4|          0|
    |ap_done_reg                                                      |   1|   0|    1|          0|
    |conv2_i_i_lcssa724_fu_66                                         |   5|   0|    5|          0|
    |conv2_i_i_lcssa724_load_reg_279                                  |   5|   0|    5|          0|
    |grp_ZipperRemoval_Pipeline_VITIS_LOOP_1101_2_fu_94_ap_start_reg  |   1|   0|    1|          0|
    |height_val_read_reg_266                                          |  16|   0|   16|          0|
    |loopWidth_reg_271                                                |  17|   0|   17|          0|
    |p_0_0_0501690_lcssa705729_fu_78                                  |   8|   0|    8|          0|
    |p_0_0_0501690_lcssa705729_load_reg_294                           |   8|   0|    8|          0|
    |p_0_0_0502688_lcssa702727_fu_74                                  |   8|   0|    8|          0|
    |p_0_0_0502688_lcssa702727_load_reg_289                           |   8|   0|    8|          0|
    |p_0_0_0503692_lcssa699726_fu_70                                  |   8|   0|    8|          0|
    |p_0_0_0503692_lcssa699726_load_reg_284                           |   8|   0|    8|          0|
    |p_0_0_0504_1_lcssa722_fu_62                                      |   8|   0|    8|          0|
    |p_0_0_0505_1_lcssa720_fu_58                                      |   8|   0|    8|          0|
    |p_0_0_0506_1_lcssa718_fu_54                                      |   8|   0|    8|          0|
    |p_0_0_0507_1_lcssa716_fu_50                                      |   8|   0|    8|          0|
    |start_once_reg                                                   |   1|   0|    1|          0|
    |width_val_read_reg_261                                           |  16|   0|   16|          0|
    |y_fu_46                                                          |  16|   0|   16|          0|
    +-----------------------------------------------------------------+----+----+-----+-----------+
    |Total                                                            | 162|   0|  162|          0|
    +-----------------------------------------------------------------+----+----+-----+-----------+



================================================================
== Interface
================================================================
* Summary: 
+-------------------------+-----+-----+------------+---------------+--------------+
|        RTL Ports        | Dir | Bits|  Protocol  | Source Object |    C Type    |
+-------------------------+-----+-----+------------+---------------+--------------+
|ap_clk                   |   in|    1|  ap_ctrl_hs|  ZipperRemoval|  return value|
|ap_rst                   |   in|    1|  ap_ctrl_hs|  ZipperRemoval|  return value|
|ap_start                 |   in|    1|  ap_ctrl_hs|  ZipperRemoval|  return value|
|start_full_n             |   in|    1|  ap_ctrl_hs|  ZipperRemoval|  return value|
|ap_done                  |  out|    1|  ap_ctrl_hs|  ZipperRemoval|  return value|
|ap_continue              |   in|    1|  ap_ctrl_hs|  ZipperRemoval|  return value|
|ap_idle                  |  out|    1|  ap_ctrl_hs|  ZipperRemoval|  return value|
|ap_ready                 |  out|    1|  ap_ctrl_hs|  ZipperRemoval|  return value|
|start_out                |  out|    1|  ap_ctrl_hs|  ZipperRemoval|  return value|
|start_write              |  out|    1|  ap_ctrl_hs|  ZipperRemoval|  return value|
|imgRgb_dout              |   in|   24|     ap_fifo|         imgRgb|       pointer|
|imgRgb_empty_n           |   in|    1|     ap_fifo|         imgRgb|       pointer|
|imgRgb_read              |  out|    1|     ap_fifo|         imgRgb|       pointer|
|imgRgb_num_data_valid    |   in|    3|     ap_fifo|         imgRgb|       pointer|
|imgRgb_fifo_cap          |   in|    3|     ap_fifo|         imgRgb|       pointer|
|imgUnzip_din             |  out|   24|     ap_fifo|       imgUnzip|       pointer|
|imgUnzip_full_n          |   in|    1|     ap_fifo|       imgUnzip|       pointer|
|imgUnzip_write           |  out|    1|     ap_fifo|       imgUnzip|       pointer|
|imgUnzip_num_data_valid  |   in|   32|     ap_fifo|       imgUnzip|       pointer|
|imgUnzip_fifo_cap        |   in|   32|     ap_fifo|       imgUnzip|       pointer|
|height_val               |   in|   16|     ap_none|     height_val|        scalar|
|width_val                |   in|   16|     ap_none|      width_val|        scalar|
+-------------------------+-----+-----+------------+---------------+--------------+

